Archive member included to satisfy reference by file (symbol)

C:/Renesas/RA/e2studio_v2025-10_fsp_v6.2.0/toolchains/gcc_arm/13.2.rel1/bin/../lib/gcc/arm-none-eabi/13.2.1/thumb/v8-m.main+dp/hard\libgcc.a(_arm_addsubdf3.o)
                              ./micropython/py/parsenum.o (__aeabi_ul2d)
C:/Renesas/RA/e2studio_v2025-10_fsp_v6.2.0/toolchains/gcc_arm/13.2.rel1/bin/../lib/gcc/arm-none-eabi/13.2.1/thumb/v8-m.main+dp/hard\libgcc.a(_aeabi_ldivmod.o)
                              ./ra/fsp/src/r_sci_b_uart/r_sci_b_uart.o (__aeabi_ldivmod)
C:/Renesas/RA/e2studio_v2025-10_fsp_v6.2.0/toolchains/gcc_arm/13.2.rel1/bin/../lib/gcc/arm-none-eabi/13.2.1/thumb/v8-m.main+dp/hard\libgcc.a(_aeabi_uldivmod.o)
                              ./micropython/py_port/mp_hal_ra8d1.o (__aeabi_uldivmod)
C:/Renesas/RA/e2studio_v2025-10_fsp_v6.2.0/toolchains/gcc_arm/13.2.rel1/bin/../lib/gcc/arm-none-eabi/13.2.1/thumb/v8-m.main+dp/hard\libgcc.a(_fixdfdi.o)
                              ./micropython/py/objint.o (__aeabi_d2lz)
C:/Renesas/RA/e2studio_v2025-10_fsp_v6.2.0/toolchains/gcc_arm/13.2.rel1/bin/../lib/gcc/arm-none-eabi/13.2.1/thumb/v8-m.main+dp/hard\libgcc.a(_fixunsdfdi.o)
                              ./micropython/py/formatfloat.o (__aeabi_d2ulz)
C:/Renesas/RA/e2studio_v2025-10_fsp_v6.2.0/toolchains/gcc_arm/13.2.rel1/bin/../lib/gcc/arm-none-eabi/13.2.1/thumb/v8-m.main+dp/hard\libgcc.a(_udivmoddi4.o)
                              C:/Renesas/RA/e2studio_v2025-10_fsp_v6.2.0/toolchains/gcc_arm/13.2.rel1/bin/../lib/gcc/arm-none-eabi/13.2.1/thumb/v8-m.main+dp/hard\libgcc.a(_aeabi_ldivmod.o) (__udivmoddi4)
C:/Renesas/RA/e2studio_v2025-10_fsp_v6.2.0/toolchains/gcc_arm/13.2.rel1/bin/../lib/gcc/arm-none-eabi/13.2.1/thumb/v8-m.main+dp/hard\libgcc.a(_dvmd_tls.o)
                              C:/Renesas/RA/e2studio_v2025-10_fsp_v6.2.0/toolchains/gcc_arm/13.2.rel1/bin/../lib/gcc/arm-none-eabi/13.2.1/thumb/v8-m.main+dp/hard\libgcc.a(_aeabi_ldivmod.o) (__aeabi_ldiv0)
C:/Renesas/RA/e2studio_v2025-10_fsp_v6.2.0/toolchains/gcc_arm/13.2.rel1/bin/../lib/gcc/arm-none-eabi/13.2.1/thumb/v8-m.main+dp/hard\libg_nano.a(libc_a-exit.o)
                              C:/Renesas/RA/e2studio_v2025-10_fsp_v6.2.0/toolchains/gcc_arm/13.2.rel1/bin/../lib/gcc/arm-none-eabi/13.2.1/thumb/v8-m.main+dp/hard/crt0.o (exit)
C:/Renesas/RA/e2studio_v2025-10_fsp_v6.2.0/toolchains/gcc_arm/13.2.rel1/bin/../lib/gcc/arm-none-eabi/13.2.1/thumb/v8-m.main+dp/hard\libg_nano.a(libc_a-findfp.o)
                              C:/Renesas/RA/e2studio_v2025-10_fsp_v6.2.0/toolchains/gcc_arm/13.2.rel1/bin/../lib/gcc/arm-none-eabi/13.2.1/thumb/v8-m.main+dp/hard\libg_nano.a(libc_a-exit.o) (__stdio_exit_handler)
C:/Renesas/RA/e2studio_v2025-10_fsp_v6.2.0/toolchains/gcc_arm/13.2.rel1/bin/../lib/gcc/arm-none-eabi/13.2.1/thumb/v8-m.main+dp/hard\libg_nano.a(libc_a-fwalk.o)
                              C:/Renesas/RA/e2studio_v2025-10_fsp_v6.2.0/toolchains/gcc_arm/13.2.rel1/bin/../lib/gcc/arm-none-eabi/13.2.1/thumb/v8-m.main+dp/hard\libg_nano.a(libc_a-findfp.o) (_fwalk_sglue)
C:/Renesas/RA/e2studio_v2025-10_fsp_v6.2.0/toolchains/gcc_arm/13.2.rel1/bin/../lib/gcc/arm-none-eabi/13.2.1/thumb/v8-m.main+dp/hard\libg_nano.a(libc_a-snprintf.o)
                              ./micropython/shared/readline/readline.o (snprintf)
C:/Renesas/RA/e2studio_v2025-10_fsp_v6.2.0/toolchains/gcc_arm/13.2.rel1/bin/../lib/gcc/arm-none-eabi/13.2.1/thumb/v8-m.main+dp/hard\libg_nano.a(libc_a-stdio.o)
                              C:/Renesas/RA/e2studio_v2025-10_fsp_v6.2.0/toolchains/gcc_arm/13.2.rel1/bin/../lib/gcc/arm-none-eabi/13.2.1/thumb/v8-m.main+dp/hard\libg_nano.a(libc_a-findfp.o) (__sread)
C:/Renesas/RA/e2studio_v2025-10_fsp_v6.2.0/toolchains/gcc_arm/13.2.rel1/bin/../lib/gcc/arm-none-eabi/13.2.1/thumb/v8-m.main+dp/hard\libg_nano.a(libc_a-memcmp.o)
                              ./micropython/py/objstr.o (memcmp)
C:/Renesas/RA/e2studio_v2025-10_fsp_v6.2.0/toolchains/gcc_arm/13.2.rel1/bin/../lib/gcc/arm-none-eabi/13.2.1/thumb/v8-m.main+dp/hard\libg_nano.a(libc_a-memmove.o)
                              ./micropython/shared/readline/readline.o (memmove)
C:/Renesas/RA/e2studio_v2025-10_fsp_v6.2.0/toolchains/gcc_arm/13.2.rel1/bin/../lib/gcc/arm-none-eabi/13.2.1/thumb/v8-m.main+dp/hard\libg_nano.a(libc_a-memset.o)
                              C:/Renesas/RA/e2studio_v2025-10_fsp_v6.2.0/toolchains/gcc_arm/13.2.rel1/bin/../lib/gcc/arm-none-eabi/13.2.1/thumb/v8-m.main+dp/hard/crt0.o (memset)
C:/Renesas/RA/e2studio_v2025-10_fsp_v6.2.0/toolchains/gcc_arm/13.2.rel1/bin/../lib/gcc/arm-none-eabi/13.2.1/thumb/v8-m.main+dp/hard\libg_nano.a(libc_a-strchr.o)
                              ./micropython/py/mpprint.o (strchr)
C:/Renesas/RA/e2studio_v2025-10_fsp_v6.2.0/toolchains/gcc_arm/13.2.rel1/bin/../lib/gcc/arm-none-eabi/13.2.1/thumb/v8-m.main+dp/hard\libg_nano.a(libc_a-strncmp.o)
                              ./micropython/py/qstr.o (strncmp)
[...]
Memory Configuration

Name             Origin             Length             Attributes
RAM              0x22000000         0x000e0000         xrw
FLASH            0x02000000         0x001f8000         xr
DATA_FLASH       0x27000000         0x00003000         xr
SDRAM            0x68000000         0x08000000         xrw
OSPI0_CS0        0x80000000         0x10000000         xrw
OSPI0_CS1        0x90000000         0x10000000         xr
OPTION_SETTING_OFS0 0x0300a100         0x00000004         r
OPTION_SETTING_OFS2 0x0300a104         0x00000004         r
OPTION_SETTING_DUALSEL 0x0300a110         0x00000004         r
OPTION_SETTING_OFS1 0x1300a180         0x00000004         r
OPTION_SETTING_BANKSEL 0x1300a190         0x00000004         r
OPTION_SETTING_BPS 0x1300a1c0         0x00000010         r
OPTION_SETTING_PBPS 0x1300a1e0         0x00000010         r
OPTION_SETTING_OFS1_SEC 0x0300a200         0x00000004         r
OPTION_SETTING_BANKSEL_SEC 0x0300a210         0x00000004         r
OPTION_SETTING_BPS_SEC 0x0300a240         0x00000010         r
OPTION_SETTING_PBPS_SEC 0x0300a260         0x00000010         r
OPTION_SETTING_OFS1_SEL 0x0300a280         0x00000004         r
OPTION_SETTING_BANKSEL_SEL 0x0300a290         0x00000004         r
OPTION_SETTING_BPS_SEL 0x0300a2c0         0x00000010         r
OPTION_SETTING_DATA_FLASH_FSBLCTRL0 0x27030080         0x00000004         r
OPTION_SETTING_DATA_FLASH_FSBLCTRL1 0x27030084         0x00000004         r
OPTION_SETTING_DATA_FLASH_FSBLCTRL2 0x27030088         0x00000004         r
OPTION_SETTING_DATA_FLASH_SACC0 0x2703008c         0x00000004         r
OPTION_SETTING_DATA_FLASH_SACC1 0x27030090         0x00000004         r
OPTION_SETTING_DATA_FLASH_SAMR 0x27030094         0x00000004         r
ITCM             0x00000000         0x00010000         xrw
DTCM             0x20000000         0x00010000         xrw
*default*        0x00000000         0xffffffff

Linker script and memory map

LOAD C:/Renesas/RA/e2studio_v2025-10_fsp_v6.2.0/toolchains/gcc_arm/13.2.rel1/bin/../lib/gcc/arm-none-eabi/13.2.1/thumb/v8-m.main+dp/hard/crti.o
LOAD C:/Renesas/RA/e2studio_v2025-10_fsp_v6.2.0/toolchains/gcc_arm/13.2.rel1/bin/../lib/gcc/arm-none-eabi/13.2.1/thumb/v8-m.main+dp/hard/crtbegin.o
LOAD C:/Renesas/RA/e2studio_v2025-10_fsp_v6.2.0/toolchains/gcc_arm/13.2.rel1/bin/../lib/gcc/arm-none-eabi/13.2.1/thumb/v8-m.main+dp/hard/crt0.o
START GROUP
LOAD ./src/_syscalls.o
LOAD ./src/hal_entry.o
LOAD ./src/hal_warmstart.o
LOAD ./ra_gen/common_data.o
LOAD ./ra_gen/hal_data.o
LOAD ./ra_gen/main.o
LOAD ./ra_gen/pin_data.o
LOAD ./ra_gen/vector_data.o
LOAD ./ra/fsp/src/r_spi_b/r_spi_b.o
LOAD ./ra/fsp/src/r_sci_b_uart/r_sci_b_uart.o
LOAD ./ra/fsp/src/r_ioport/r_ioport.o
LOAD ./ra/fsp/src/r_iic_master/r_iic_master.o
LOAD ./ra/fsp/src/r_icu/r_icu.o
LOAD ./ra/fsp/src/r_adc/r_adc.o
LOAD ./ra/fsp/src/bsp/mcu/ra8d1/bsp_linker.o
LOAD ./ra/fsp/src/bsp/mcu/all/bsp_clocks.o
LOAD ./ra/fsp/src/bsp/mcu/all/bsp_common.o
LOAD ./ra/fsp/src/bsp/mcu/all/bsp_delay.o
LOAD ./ra/fsp/src/bsp/mcu/all/bsp_group_irq.o
LOAD ./ra/fsp/src/bsp/mcu/all/bsp_guard.o
LOAD ./ra/fsp/src/bsp/mcu/all/bsp_io.o
LOAD ./ra/fsp/src/bsp/mcu/all/bsp_ipc.o
LOAD ./ra/fsp/src/bsp/mcu/all/bsp_irq.o
LOAD ./ra/fsp/src/bsp/mcu/all/bsp_macl.o
LOAD ./ra/fsp/src/bsp/mcu/all/bsp_ospi_b.o
LOAD ./ra/fsp/src/bsp/mcu/all/bsp_register_protection.o
LOAD ./ra/fsp/src/bsp/mcu/all/bsp_sbrk.o
LOAD ./ra/fsp/src/bsp/mcu/all/bsp_sdram.o
LOAD ./ra/fsp/src/bsp/mcu/all/bsp_security.o
LOAD ./ra/fsp/src/bsp/cmsis/Device/RENESAS/Source/startup.o
LOAD ./ra/fsp/src/bsp/cmsis/Device/RENESAS/Source/system.o
LOAD ./ra/board/ra8d1_cpkhmi/board_init.o
LOAD ./ra/board/ra8d1_cpkhmi/board_leds.o
LOAD ./micropython/shared/runtime/pyexec.o
LOAD ./micropython/shared/readline/readline.o
LOAD ./micropython/py_port/led.o
LOAD ./micropython/py_port/machine_adc.o
LOAD ./micropython/py_port/machine_dac.o
LOAD ./micropython/py_port/machine_i2c.o
LOAD ./micropython/py_port/machine_pin.o
LOAD ./micropython/py_port/machine_spi.o
LOAD ./micropython/py_port/machine_uart.o
LOAD ./micropython/py_port/modmachine.o
LOAD ./micropython/py_port/mp_hal_ra8d1.o
LOAD ./micropython/py_port/mp_stub.o
LOAD ./micropython/py_port/mp_uart.o
LOAD ./micropython/py_port/py_main.o
LOAD ./micropython/py_port/uart_core.o
LOAD ./micropython/py/argcheck.o
LOAD ./micropython/py/asmbase.o
LOAD ./micropython/py/asmthumb.o
LOAD ./micropython/py/bc.o
LOAD ./micropython/py/binary.o
LOAD ./micropython/py/builtinevex.o
LOAD ./micropython/py/builtinhelp.o
LOAD ./micropython/py/builtinimport.o
LOAD ./micropython/py/compile.o
LOAD ./micropython/py/cstack.o
LOAD ./micropython/py/emitbc.o
LOAD ./micropython/py/emitcommon.o
LOAD ./micropython/py/emitglue.o
LOAD ./micropython/py/emitinlinethumb.o
LOAD ./micropython/py/emitnarm.o
LOAD ./micropython/py/emitnative.o
LOAD ./micropython/py/emitndebug.o
LOAD ./micropython/py/emitnrv32.o
LOAD ./micropython/py/emitnthumb.o
LOAD ./micropython/py/emitnxtensa.o
LOAD ./micropython/py/emitnxtensawin.o
LOAD ./micropython/py/formatfloat.o
LOAD ./micropython/py/frozenmod.o
LOAD ./micropython/py/gc.o
LOAD ./micropython/py/lexer.o
LOAD ./micropython/py/malloc.o
LOAD ./micropython/py/map.o
LOAD ./micropython/py/modarray.o
LOAD ./micropython/py/modbuiltins.o
LOAD ./micropython/py/modcmath.o
LOAD ./micropython/py/modcollections.o
LOAD ./micropython/py/moderrno.o
LOAD ./micropython/py/modgc.o
LOAD ./micropython/py/modio.o
LOAD ./micropython/py/modmath.o
LOAD ./micropython/py/modmicropython.o
LOAD ./micropython/py/modstruct.o
LOAD ./micropython/py/modsys.o
LOAD ./micropython/py/modthread.o
LOAD ./micropython/py/mpprint.o
LOAD ./micropython/py/mpstate.o
LOAD ./micropython/py/mpz.o
LOAD ./micropython/py/nativeglue.o
LOAD ./micropython/py/nlr.o
LOAD ./micropython/py/nlraarch64.o
LOAD ./micropython/py/nlrmips.o
LOAD ./micropython/py/nlrpowerpc.o
LOAD ./micropython/py/nlrrv32.o
LOAD ./micropython/py/nlrrv64.o
LOAD ./micropython/py/nlrsetjmp.o
LOAD ./micropython/py/nlrthumb.o
LOAD ./micropython/py/nlrx64.o
LOAD ./micropython/py/nlrx86.o
LOAD ./micropython/py/nlrxtensa.o
LOAD ./micropython/py/obj.o
LOAD ./micropython/py/objarray.o
LOAD ./micropython/py/objattrtuple.o
LOAD ./micropython/py/objbool.o
LOAD ./micropython/py/objboundmeth.o
LOAD ./micropython/py/objcell.o
LOAD ./micropython/py/objclosure.o
LOAD ./micropython/py/objcode.o
LOAD ./micropython/py/objcomplex.o
LOAD ./micropython/py/objdeque.o
LOAD ./micropython/py/objdict.o
LOAD ./micropython/py/objenumerate.o
LOAD ./micropython/py/objexcept.o
LOAD ./micropython/py/objfilter.o
LOAD ./micropython/py/objfloat.o
LOAD ./micropython/py/objfun.o
LOAD ./micropython/py/objgenerator.o
LOAD ./micropython/py/objgetitemiter.o
LOAD ./micropython/py/objint.o
LOAD ./micropython/py/objint_longlong.o
LOAD ./micropython/py/objint_mpz.o
LOAD ./micropython/py/objlist.o
LOAD ./micropython/py/objmap.o
LOAD ./micropython/py/objmodule.o
LOAD ./micropython/py/objnamedtuple.o
LOAD ./micropython/py/objnone.o
LOAD ./micropython/py/objobject.o
LOAD ./micropython/py/objpolyiter.o
LOAD ./micropython/py/objproperty.o
LOAD ./micropython/py/objrange.o
LOAD ./micropython/py/objreversed.o
LOAD ./micropython/py/objringio.o
LOAD ./micropython/py/objset.o
LOAD ./micropython/py/objsingleton.o
LOAD ./micropython/py/objslice.o
LOAD ./micropython/py/objstr.o
LOAD ./micropython/py/objstringio.o
LOAD ./micropython/py/objstrunicode.o
LOAD ./micropython/py/objtuple.o
LOAD ./micropython/py/objtype.o
LOAD ./micropython/py/objzip.o
LOAD ./micropython/py/opmethods.o
LOAD ./micropython/py/pairheap.o
LOAD ./micropython/py/parse.o
LOAD ./micropython/py/parsenum.o
LOAD ./micropython/py/parsenumbase.o
LOAD ./micropython/py/persistentcode.o
LOAD ./micropython/py/profile.o
LOAD ./micropython/py/pystack.o
LOAD ./micropython/py/qstr.o
LOAD ./micropython/py/reader.o
LOAD ./micropython/py/repl.o
LOAD ./micropython/py/ringbuf.o
LOAD ./micropython/py/runtime.o
LOAD ./micropython/py/runtime_utils.o
LOAD ./micropython/py/scheduler.o
LOAD ./micropython/py/scope.o
LOAD ./micropython/py/sequence.o
LOAD ./micropython/py/showbc.o
LOAD ./micropython/py/smallint.o
LOAD ./micropython/py/stackctrl.o
LOAD ./micropython/py/stream.o
LOAD ./micropython/py/unicode.o
LOAD ./micropython/py/vm.o
LOAD ./micropython/py/vstr.o
LOAD ./micropython/py/warning.o
LOAD ./micropython/extmod/modutime_mphal.o
END GROUP
START GROUP
LOAD C:/Renesas/RA/e2studio_v2025-10_fsp_v6.2.0/toolchains/gcc_arm/13.2.rel1/bin/../lib/gcc/arm-none-eabi/13.2.1/thumb/v8-m.main+dp/hard\libgcc.a
LOAD C:/Renesas/RA/e2studio_v2025-10_fsp_v6.2.0/toolchains/gcc_arm/13.2.rel1/bin/../lib/gcc/arm-none-eabi/13.2.1/thumb/v8-m.main+dp/hard\libg_nano.a
LOAD C:/Renesas/RA/e2studio_v2025-10_fsp_v6.2.0/toolchains/gcc_arm/13.2.rel1/bin/../lib/gcc/arm-none-eabi/13.2.1/thumb/v8-m.main+dp/hard\libc_nano.a
END GROUP
START GROUP
LOAD C:/Renesas/RA/e2studio_v2025-10_fsp_v6.2.0/toolchains/gcc_arm/13.2.rel1/bin/../lib/gcc/arm-none-eabi/13.2.1/thumb/v8-m.main+dp/hard\libgcc.a
LOAD C:/Renesas/RA/e2studio_v2025-10_fsp_v6.2.0/toolchains/gcc_arm/13.2.rel1/bin/../lib/gcc/arm-none-eabi/13.2.1/thumb/v8-m.main+dp/hard\libc_nano.a
END GROUP
LOAD C:/Renesas/RA/e2studio_v2025-10_fsp_v6.2.0/toolchains/gcc_arm/13.2.rel1/bin/../lib/gcc/arm-none-eabi/13.2.1/thumb/v8-m.main+dp/hard/crtend.o
LOAD C:/Renesas/RA/e2studio_v2025-10_fsp_v6.2.0/toolchains/gcc_arm/13.2.rel1/bin/../lib/gcc/arm-none-eabi/13.2.1/thumb/v8-m.main+dp/hard/crtn.o
                0x22000000                        RAM_START = 0x22000000
                0x000e0000                        RAM_LENGTH = 0xe0000
                0x02000000                        FLASH_START = 0x2000000
                0x001f8000                        FLASH_LENGTH = 0x1f8000
                0x27000000                        DATA_FLASH_START = 0x27000000
                0x00003000                        DATA_FLASH_LENGTH = 0x3000
                0x68000000                        SDRAM_START = 0x68000000
                0x08000000                        SDRAM_LENGTH = 0x8000000
                0x80000000                        OSPI0_CS0_START = 0x80000000
                0x10000000                        OSPI0_CS0_LENGTH = 0x10000000
                0x90000000                        OSPI0_CS1_START = 0x90000000
                0x10000000                        OSPI0_CS1_LENGTH = 0x10000000
                0x0300a100                        OPTION_SETTING_OFS0_START = 0x300a100
                0x00000004                        OPTION_SETTING_OFS0_LENGTH = 0x4
                0x0300a104                        OPTION_SETTING_OFS2_START = 0x300a104
                0x00000004                        OPTION_SETTING_OFS2_LENGTH = 0x4
                0x0300a110                        OPTION_SETTING_DUALSEL_START = 0x300a110
                0x00000004                        OPTION_SETTING_DUALSEL_LENGTH = 0x4
                0x1300a180                        OPTION_SETTING_OFS1_START = 0x1300a180
                0x00000004                        OPTION_SETTING_OFS1_LENGTH = 0x4
                0x1300a190                        OPTION_SETTING_BANKSEL_START = 0x1300a190
                0x00000004                        OPTION_SETTING_BANKSEL_LENGTH = 0x4
                0x1300a1c0                        OPTION_SETTING_BPS_START = 0x1300a1c0
                0x00000010                        OPTION_SETTING_BPS_LENGTH = 0x10
                0x1300a1e0                        OPTION_SETTING_PBPS_START = 0x1300a1e0
                0x00000010                        OPTION_SETTING_PBPS_LENGTH = 0x10
                0x0300a200                        OPTION_SETTING_OFS1_SEC_START = 0x300a200
                0x00000004                        OPTION_SETTING_OFS1_SEC_LENGTH = 0x4
                0x0300a210                        OPTION_SETTING_BANKSEL_SEC_START = 0x300a210
                0x00000004                        OPTION_SETTING_BANKSEL_SEC_LENGTH = 0x4
                0x0300a240                        OPTION_SETTING_BPS_SEC_START = 0x300a240
                0x00000010                        OPTION_SETTING_BPS_SEC_LENGTH = 0x10
                0x0300a260                        OPTION_SETTING_PBPS_SEC_START = 0x300a260
                0x00000010                        OPTION_SETTING_PBPS_SEC_LENGTH = 0x10
                0x0300a280                        OPTION_SETTING_OFS1_SEL_START = 0x300a280
                0x00000004                        OPTION_SETTING_OFS1_SEL_LENGTH = 0x4
                0x0300a290                        OPTION_SETTING_BANKSEL_SEL_START = 0x300a290
                0x00000004                        OPTION_SETTING_BANKSEL_SEL_LENGTH = 0x4
                0x0300a2c0                        OPTION_SETTING_BPS_SEL_START = 0x300a2c0
                0x00000010                        OPTION_SETTING_BPS_SEL_LENGTH = 0x10
                0x27030080                        OPTION_SETTING_DATA_FLASH_FSBLCTRL0_START = 0x27030080
                0x00000004                        OPTION_SETTING_DATA_FLASH_FSBLCTRL0_LENGTH = 0x4
                0x27030084                        OPTION_SETTING_DATA_FLASH_FSBLCTRL1_START = 0x27030084
                0x00000004                        OPTION_SETTING_DATA_FLASH_FSBLCTRL1_LENGTH = 0x4
                0x27030088                        OPTION_SETTING_DATA_FLASH_FSBLCTRL2_START = 0x27030088
                0x00000004                        OPTION_SETTING_DATA_FLASH_FSBLCTRL2_LENGTH = 0x4
                0x2703008c                        OPTION_SETTING_DATA_FLASH_SACC0_START = 0x2703008c
                0x00000004                        OPTION_SETTING_DATA_FLASH_SACC0_LENGTH = 0x4
                0x27030090                        OPTION_SETTING_DATA_FLASH_SACC1_START = 0x27030090
                0x00000004                        OPTION_SETTING_DATA_FLASH_SACC1_LENGTH = 0x4
                0x27030094                        OPTION_SETTING_DATA_FLASH_SAMR_START = 0x27030094
                0x00000004                        OPTION_SETTING_DATA_FLASH_SAMR_LENGTH = 0x4
                0x00000000                        ITCM_START = 0x0
                0x00010000                        ITCM_LENGTH = 0x10000
                0x20000000                        DTCM_START = 0x20000000
                0x00010000                        DTCM_LENGTH = 0x10000
START GROUP
LOAD C:/Renesas/RA/e2studio_v2025-10_fsp_v6.2.0/toolchains/gcc_arm/13.2.rel1/bin/../lib/gcc/arm-none-eabi/13.2.1/thumb/v8-m.main+dp/hard\libgcc.a
LOAD C:/Renesas/RA/e2studio_v2025-10_fsp_v6.2.0/toolchains/gcc_arm/13.2.rel1/bin/../lib/gcc/arm-none-eabi/13.2.1/thumb/v8-m.main+dp/hard\libc.a
LOAD C:/Renesas/RA/e2studio_v2025-10_fsp_v6.2.0/toolchains/gcc_arm/13.2.rel1/bin/../lib/gcc/arm-none-eabi/13.2.1/thumb/v8-m.main+dp/hard\libm.a
END GROUP

.ospi0_cs1.startof
                0x90000000        0x0
                0x90000000                        __ddsc_OSPI0_CS1_START = .

.sdram.startof  0x68000000        0x0
                0x68000000                        __ddsc_SDRAM_START = .

__sdram_from_ospi0_cs1$$
                0x68000000        0x0 load address 0x90000000
                0x68000000                        __sdram_from_ospi0_cs1$$Base = .
                0x90000000                        __sdram_from_ospi0_cs1$$Load = LOADADDR (__sdram_from_ospi0_cs1$$)
 *(.sdram_from_ospi0_cs1)
 *(.sdram_code_from_ospi0_cs1)
                0x68000000                        __sdram_from_ospi0_cs1$$Limit = .

.ospi0_cs0.startof
                0x80000000        0x0
                0x80000000                        __ddsc_OSPI0_CS0_START = .

__ospi0_cs0_from_ospi0_cs1$$
                0x80000000        0x0 load address 0x90000000
                0x80000000                        __ospi0_cs0_from_ospi0_cs1$$Base = .
                0x90000000                        __ospi0_cs0_from_ospi0_cs1$$Load = LOADADDR (__ospi0_cs0_from_ospi0_cs1$$)
 *(.ospi0_cs0_from_ospi0_cs1)
 *(.ospi0_cs0_code_from_ospi0_cs1)
                0x80000000                        __ospi0_cs0_from_ospi0_cs1$$Limit = .

.itcm.startof   0x00000000        0x0
                0x00000000                        __ddsc_ITCM_START = .

__itcm_from_ospi0_cs1$$
                0x00000000        0x0 load address 0x90000000
                0x00000000                        __itcm_from_ospi0_cs1$$Base = .
                0x90000000                        __itcm_from_ospi0_cs1$$Load = LOADADDR (__itcm_from_ospi0_cs1$$)
 *(.itcm_from_ospi0_cs1)
 *(.itcm_code_from_ospi0_cs1)
                0x00000000                        __itcm_from_ospi0_cs1$$Limit = .

.dtcm.startof   0x20000000        0x0
                0x20000000                        __ddsc_DTCM_START = .

__dtcm_from_ospi0_cs1$$
                0x20000000        0x0 load address 0x90000000
                0x20000000                        __dtcm_from_ospi0_cs1$$Base = .
                0x90000000                        __dtcm_from_ospi0_cs1$$Load = LOADADDR (__dtcm_from_ospi0_cs1$$)
 *(.dtcm_from_ospi0_cs1)
 *(.dtcm_code_from_ospi0_cs1)
                0x20000000                        __dtcm_from_ospi0_cs1$$Limit = .

.ram.startof    0x22000000        0x0
                0x22000000                        __ddsc_RAM_START = .

__ram_dtc_vector$$
                0x22000000        0x0
                0x22000000                        __ram_dtc_vector$$Base = .
 *(.fsp_dtc_vector_table)
                0x22000000                        __ram_dtc_vector$$Limit = .

__ram_from_ospi0_cs1$$
                0x22000000        0x0 load address 0x90000000
                0x22000000                        __ram_from_ospi0_cs1$$Base = .
                0x90000000                        __ram_from_ospi0_cs1$$Load = LOADADDR (__ram_from_ospi0_cs1$$)
 *(.ram_from_ospi0_cs1)
 *(.ram_code_from_ospi0_cs1)
                0x22000000                        __ram_from_ospi0_cs1$$Limit = .

__ospi0_cs1_readonly$$
                0x90000000        0x0
                0x90000000                        __ospi0_cs1_readonly$$Base = .
 *(.ospi0_cs1)
 *(.ospi0_cs1_code)
                0x90000000                        __ospi0_cs1_readonly$$Limit = .

__ospi0_cs1_noinit$$
                0x90000000        0x0
                0x90000000                        __ospi0_cs1_noinit$$Base = .
 *(.ospi0_cs1_noinit)
                0x90000000                        __ospi0_cs1_noinit$$Limit = .

.ospi0_cs1.endof
                0x90000000        0x0
                0x90000000                        __ddsc_OSPI0_CS1_END = .

.data_flash.startof
                0x27000000        0x0
                0x27000000                        __ddsc_DATA_FLASH_START = .

__sdram_from_data_flash$$
                0x68000000        0x0 load address 0x27000000
                0x68000000                        __sdram_from_data_flash$$Base = .
                0x27000000                        __sdram_from_data_flash$$Load = LOADADDR (__sdram_from_data_flash$$)
 *(.sdram_from_data_flash)
 *(.sdram_code_from_data_flash)
                0x68000000                        __sdram_from_data_flash$$Limit = .

__ospi0_cs0_from_data_flash$$
                0x80000000        0x0 load address 0x27000000
                0x80000000                        __ospi0_cs0_from_data_flash$$Base = .
                0x27000000                        __ospi0_cs0_from_data_flash$$Load = LOADADDR (__ospi0_cs0_from_data_flash$$)
 *(.ospi0_cs0_from_data_flash)
 *(.ospi0_cs0_code_from_data_flash)
                0x80000000                        __ospi0_cs0_from_data_flash$$Limit = .

__itcm_from_data_flash$$
                0x00000000        0x0 load address 0x27000000
                0x00000000                        __itcm_from_data_flash$$Base = .
                0x27000000                        __itcm_from_data_flash$$Load = LOADADDR (__itcm_from_data_flash$$)
 *(.itcm_from_data_flash)
 *(.itcm_code_from_data_flash)
                0x00000000                        __itcm_from_data_flash$$Limit = .

__dtcm_from_data_flash$$
                0x20000000        0x0 load address 0x27000000
                0x20000000                        __dtcm_from_data_flash$$Base = .
                0x27000000                        __dtcm_from_data_flash$$Load = LOADADDR (__dtcm_from_data_flash$$)
 *(.dtcm_from_data_flash)
 *(.dtcm_code_from_data_flash)
                0x20000000                        __dtcm_from_data_flash$$Limit = .

__ram_from_data_flash$$
                0x22000000        0x0 load address 0x27000000
                0x22000000                        __ram_from_data_flash$$Base = .
                0x27000000                        __ram_from_data_flash$$Load = LOADADDR (__ram_from_data_flash$$)
 *(.ram_from_data_flash)
 *(.ram_code_from_data_flash)
                0x22000000                        __ram_from_data_flash$$Limit = .

__data_flash_readonly$$
                0x27000000        0x0
                0x27000000                        __data_flash_readonly$$Base = .
 *(.data_flash)
 *(.data_flash_code)
                0x27000000                        __data_flash_readonly$$Limit = .

__data_flash_noinit$$
                0x27000000        0x0
                0x27000000                        __data_flash_noinit$$Base = .
 *(.data_flash_noinit)
                0x27000000                        __data_flash_noinit$$Limit = .

.data_flash.endof
                0x27000000        0x0
                0x27000000                        __ddsc_DATA_FLASH_END = .

.flash.startof  0x02000000        0x0
                0x02000000                        __ddsc_FLASH_START = .

__flash_vectors$$
                0x02000000       0x84
                0x02000000                        __flash_vectors$$Base = .
                0x02000000                        _VECTORS = .
 *(.fixed_vectors)
 .fixed_vectors
                0x02000000       0x40 ./ra/fsp/src/bsp/cmsis/Device/RENESAS/Source/startup.o
                0x02000000                __Vectors
 *(.application_vectors)
 .application_vectors
                0x02000040       0x44 ./ra_gen/vector_data.o
                0x02000040                g_vector_table
                0x02000084                        __flash_vectors$$Limit = .

__flash_noinit$$
                0x02000084        0x0
                0x02000084                        __flash_noinit$$Base = .
 *(.flash_noinit)
                0x02000084                        __flash_noinit$$Limit = .

__sdram_from_flash$$
                0x68000000        0x0 load address 0x02000084
                0x68000000                        __sdram_from_flash$$Base = .
                0x02000084                        __sdram_from_flash$$Load = LOADADDR (__sdram_from_flash$$)
 *(.sdram_from_flash)
 *(.sdram_code_from_flash)
                0x68000000                        __sdram_from_flash$$Limit = .

__sdram_noinit_nocache$$
                0x68000000        0x0 load address 0x020000a0
                0x68000000                        __sdram_noinit_nocache$$Base = .
 *(.sdram_noinit_nocache)
                0x68000000                        __sdram_noinit_nocache$$Limit = .

__sdram_zero_nocache$$
                0x68000000        0x0 load address 0x02000084
                0x68000000                        __sdram_zero_nocache$$Base = .
 *(.sdram_nocache)
                0x68000000                        . = ALIGN (0x20)
                0x68000000                        __sdram_zero_nocache$$Limit = .

__sdram_noinit$$
                0x68000000        0x0 load address 0x02000084
                0x68000000                        __sdram_noinit$$Base = .
 *(.sdram_noinit)
                0x68000000                        __sdram_noinit$$Limit = .

__sdram_zero$$  0x68000000        0x0 load address 0x02000084
                0x68000000                        __sdram_zero$$Base = .
 *(.sdram)
                0x68000000                        __sdram_zero$$Limit = .

.sdram.endof    0x68000000        0x0
                0x68000000                        __ddsc_SDRAM_END = .

__ospi0_cs0_from_flash$$
                0x80000000        0x0 load address 0x02000084
                0x80000000                        __ospi0_cs0_from_flash$$Base = .
                0x02000084                        __ospi0_cs0_from_flash$$Load = LOADADDR (__ospi0_cs0_from_flash$$)
 *(.ospi0_cs0_from_flash)
 *(.ospi0_cs0_code_from_flash)
                0x80000000                        __ospi0_cs0_from_flash$$Limit = .

__ospi0_cs0_noinit_nocache$$
                0x80000000        0x0 load address 0x020000a0
                0x80000000                        __ospi0_cs0_noinit_nocache$$Base = .
 *(.ospi0_cs0_noinit_nocache)
                0x80000000                        __ospi0_cs0_noinit_nocache$$Limit = .

__ospi0_cs0_zero_nocache$$
                0x80000000        0x0 load address 0x02000084
                0x80000000                        __ospi0_cs0_zero_nocache$$Base = .
 *(.ospi0_cs0_nocache)
                0x80000000                        . = ALIGN (0x20)
                0x80000000                        __ospi0_cs0_zero_nocache$$Limit = .

__ospi0_cs0_noinit$$
                0x80000000        0x0 load address 0x02000084
                0x80000000                        __ospi0_cs0_noinit$$Base = .
 *(.ospi0_cs0_noinit)
                0x80000000                        __ospi0_cs0_noinit$$Limit = .

__ospi0_cs0_zero$$
                0x80000000        0x0 load address 0x02000084
                0x80000000                        __ospi0_cs0_zero$$Base = .
 *(.ospi0_cs0)
                0x80000000                        __ospi0_cs0_zero$$Limit = .

.ospi0_cs0.endof
                0x80000000        0x0
                0x80000000                        __ddsc_OSPI0_CS0_END = .

__itcm_from_flash$$
                0x00000000        0x0 load address 0x02000084
                0x00000000                        __itcm_from_flash$$Base = .
                0x02000084                        __itcm_from_flash$$Load = LOADADDR (__itcm_from_flash$$)
 *(.itcm_from_flash)
 *(.itcm_code_from_flash)
                0x00000000                        __itcm_from_flash$$Limit = .

__itcm_noinit$$
                0x00000000        0x0 load address 0x02000084
                0x00000000                        __itcm_noinit$$Base = .
 *(.itcm_noinit)
                0x00000000                        __itcm_noinit$$Limit = .

__itcm_zero$$   0x00000000        0x0 load address 0x02000084
                0x00000000                        __itcm_zero$$Base = .
 *(.itcm)
                0x00000000                        __itcm_zero$$Limit = .

.itcm.endof     0x00000000        0x0
                0x00000000                        __ddsc_ITCM_END = .

__dtcm_from_flash$$
                0x20000000        0x0 load address 0x02000084
                0x20000000                        __dtcm_from_flash$$Base = .
                0x02000084                        __dtcm_from_flash$$Load = LOADADDR (__dtcm_from_flash$$)
 *(.dtcm_from_flash)
 *(.dtcm_code_from_flash)
                0x20000000                        __dtcm_from_flash$$Limit = .

__dtcm_noinit$$
                0x20000000        0x0 load address 0x02000084
                0x20000000                        __dtcm_noinit$$Base = .
 *(.dtcm_noinit)
                0x20000000                        __dtcm_noinit$$Limit = .

__dtcm_zero$$   0x20000000        0x0 load address 0x02000084
                0x20000000                        __dtcm_zero$$Base = .
 *(.dtcm)
                0x20000000                        __dtcm_zero$$Limit = .

.dtcm.endof     0x20000000        0x0
                0x20000000                        __ddsc_DTCM_END = .

__ram_from_flash$$
                0x22000000       0x64 load address 0x02000084
                0x22000000                        __ram_from_flash$$Base = .
                0x02000084                        __ram_from_flash$$Load = LOADADDR (__ram_from_flash$$)
 *(.ram_from_flash)
 *(.ram_code_from_flash)
 *(.data*)
 .data.g_uart0_baud_setting
                0x22000000        0x4 ./ra_gen/hal_data.o
                0x22000000                g_uart0_baud_setting
 .data.g_uart1_baud_setting
                0x22000004        0x4 ./ra_gen/hal_data.o
                0x22000004                g_uart1_baud_setting
 .data.s_cycles_per_ms
                0x22000008        0x4 ./micropython/py_port/mp_hal_ra8d1.o
 .data.s_rx_need_arm
                0x2200000c        0x1 ./micropython/py_port/mp_uart.o
 *fill*         0x2200000d        0x3 
 .data.s_interrupt_char
                0x22000010        0x4 ./micropython/py_port/mp_uart.o
 .data._impure_ptr
                0x22000014        0x4 C:/Renesas/RA/e2studio_v2025-10_fsp_v6.2.0/toolchains/gcc_arm/13.2.rel1/bin/../lib/gcc/arm-none-eabi/13.2.1/thumb/v8-m.main+dp/hard\libg_nano.a(libc_a-impure.o)
                0x22000014                _impure_ptr
 .data._impure_data
                0x22000018       0x4c C:/Renesas/RA/e2studio_v2025-10_fsp_v6.2.0/toolchains/gcc_arm/13.2.rel1/bin/../lib/gcc/arm-none-eabi/13.2.1/thumb/v8-m.main+dp/hard\libg_nano.a(libc_a-impure.o)
                0x22000018                _impure_data
 *(vtable)
                0x22000064                        __ram_from_flash$$Limit = .

.tm_clone_table
                0x22000064        0x0 load address 0x020000e8
 .tm_clone_table
                0x22000064        0x0 C:/Renesas/RA/e2studio_v2025-10_fsp_v6.2.0/toolchains/gcc_arm/13.2.rel1/bin/../lib/gcc/arm-none-eabi/13.2.1/thumb/v8-m.main+dp/hard/crtbegin.o
 .tm_clone_table
                0x22000064        0x0 C:/Renesas/RA/e2studio_v2025-10_fsp_v6.2.0/toolchains/gcc_arm/13.2.rel1/bin/../lib/gcc/arm-none-eabi/13.2.1/thumb/v8-m.main+dp/hard/crtend.o

.igot.plt       0x22000064        0x0 load address 0x020000e8
 .igot.plt      0x22000064        0x0 C:/Renesas/RA/e2studio_v2025-10_fsp_v6.2.0/toolchains/gcc_arm/13.2.rel1/bin/../lib/gcc/arm-none-eabi/13.2.1/thumb/v8-m.main+dp/hard/crtbegin.o

__ram_noinit_nocache$$
                0x22000080        0x0 load address 0x02000100
                0x22000080                        __ram_noinit_nocache$$Base = .
 *(.ram_noinit_nocache)
                0x22000080                        __ram_noinit_nocache$$Limit = .

__ram_zero_nocache$$
                0x22000064       0x1c load address 0x020000e8
                0x22000064                        __ram_zero_nocache$$Base = .
 *(.ram_nocache)
                0x22000080                        . = ALIGN (0x20)
 *fill*         0x22000064       0x1c 
                0x22000080                        __ram_zero_nocache$$Limit = .

__ram_noinit$$  0x22000080     0x202c load address 0x020000e8
                0x22000080                        __ram_noinit$$Base = .
 *(.bss.g_heap)
 *(.bss.g_main_stack)
 .bss.g_main_stack
                0x22000080     0x2000 ./ra/fsp/src/bsp/cmsis/Device/RENESAS/Source/startup.o
                0x22000080                g_main_stack
 *(.ram_noinit)
 .ram_noinit    0x22002080       0x2c ./ra/fsp/src/bsp/mcu/all/bsp_clocks.o
 *(.noinit)
                0x220020ac                        __ram_noinit$$Limit = .

__ram_zero$$    0x220020b0    0x809a0 load address 0x020000e8
                0x220020b0                        __ram_zero$$Base = .
 *(.ram)
 *(.bss*)
 .bss.completed.1
                0x220020b0        0x1 C:/Renesas/RA/e2studio_v2025-10_fsp_v6.2.0/toolchains/gcc_arm/13.2.rel1/bin/../lib/gcc/arm-none-eabi/13.2.1/thumb/v8-m.main+dp/hard/crtbegin.o
 *fill*         0x220020b1        0x3 
 .bss.object.0  0x220020b4       0x18 C:/Renesas/RA/e2studio_v2025-10_fsp_v6.2.0/toolchains/gcc_arm/13.2.rel1/bin/../lib/gcc/arm-none-eabi/13.2.1/thumb/v8-m.main+dp/hard/crtbegin.o
 .bss.g_systick_count
                0x220020cc        0x4 ./src/hal_entry.o
                0x220020cc                g_systick_count
 .bss.mp_heap   0x220020d0    0x80000 ./src/hal_entry.o
 .bss.g_ioport_ctrl
                0x220820d0        0x8 ./ra_gen/common_data.o
                0x220820d0                g_ioport_ctrl
 .bss.g_external_irq_s2_ctrl
                0x220820d8       0x10 ./ra_gen/common_data.o
                0x220820d8                g_external_irq_s2_ctrl
 .bss.g_uart0_ctrl
                0x220820e8       0x30 ./ra_gen/hal_data.o
                0x220820e8                g_uart0_ctrl
 .bss.g_i2c_master0_ctrl
                0x22082118       0x40 ./ra_gen/hal_data.o
                0x22082118                g_i2c_master0_ctrl
 .bss.g_spi1_ctrl
                0x22082158       0x30 ./ra_gen/hal_data.o
                0x22082158                g_spi1_ctrl
 .bss.g_adc0_ctrl
                0x22082188       0x24 ./ra_gen/hal_data.o
                0x22082188                g_adc0_ctrl
 .bss.g_adc1_ctrl
                0x220821ac       0x24 ./ra_gen/hal_data.o
                0x220821ac                g_adc1_ctrl
 .bss.g_uart1_ctrl
                0x220821d0       0x30 ./ra_gen/hal_data.o
                0x220821d0                g_uart1_ctrl
 .bss.dummy_tx.0
                0x22082200        0x4 ./ra/fsp/src/r_spi_b/r_spi_b.o
 .bss.dummy_rx.1
                0x22082204        0x4 ./ra/fsp/src/r_spi_b/r_spi_b.o
 .bss.g_bsp_group_irq_sources
                0x22082208       0x40 ./ra/fsp/src/bsp/mcu/all/bsp_group_irq.o
                0x22082208                g_bsp_group_irq_sources
 .bss.g_protect_pfswe_counter
                0x22082248        0x4 ./ra/fsp/src/bsp/mcu/all/bsp_io.o
                0x22082248                g_protect_pfswe_counter
 *fill*         0x2208224c        0x4 
 .bss.gp_renesas_isr_context
                0x22082250       0x44 ./ra/fsp/src/bsp/mcu/all/bsp_irq.o
                0x22082250                gp_renesas_isr_context
 .bss.g_protect_counters
                0x22082294        0xa ./ra/fsp/src/bsp/mcu/all/bsp_register_protection.o
                0x22082294                g_protect_counters
 *fill*         0x2208229e        0x2 
 .bss.SystemCoreClock
                0x220822a0        0x4 ./ra/fsp/src/bsp/cmsis/Device/RENESAS/Source/system.o
                0x220822a0                SystemCoreClock
 .bss.pyexec_repl_active
                0x220822a4        0x1 ./micropython/shared/runtime/pyexec.o
                0x220822a4                pyexec_repl_active
 *fill*         0x220822a5        0x3 
 .bss.repl      0x220822a8        0x2 ./micropython/shared/runtime/pyexec.o
                0x220822a8                repl
 .bss.pyexec_mode_kind
                0x220822aa        0x1 ./micropython/shared/runtime/pyexec.o
                0x220822aa                pyexec_mode_kind
 *fill*         0x220822ab        0x5 
 .bss.rl        0x220822b0       0x1c ./micropython/shared/readline/readline.o
 .bss.g_adc1_open
                0x220822cc        0x1 ./micropython/py_port/machine_adc.o
 .bss.g_adc0_open
                0x220822cd        0x1 ./micropython/py_port/machine_adc.o
 *fill*         0x220822ce        0x2 
 .bss.g_spi_runtime_ext_cfg
                0x220822d0        0xd ./micropython/py_port/machine_spi.o
 *fill*         0x220822dd        0x3 
 .bss.g_spi_runtime_cfg
                0x220822e0       0x24 ./micropython/py_port/machine_spi.o
 .bss.g_spi_sync_ctx
                0x22082304        0xc ./micropython/py_port/machine_spi.o
 .bss.g_uart1_irq_tx_cnt
                0x22082310        0x4 ./micropython/py_port/machine_uart.o
                0x22082310                g_uart1_irq_tx_cnt
 .bss.g_uart1_irq_rx_cnt
                0x22082314        0x4 ./micropython/py_port/machine_uart.o
                0x22082314                g_uart1_irq_rx_cnt
 .bss.g_uart1_obj
                0x22082318        0x4 ./micropython/py_port/machine_uart.o
 .bss.g_dwt_cyccnt_ms_base
                0x2208231c        0x4 ./micropython/py_port/mp_hal_ra8d1.o
                0x2208231c                g_dwt_cyccnt_ms_base
 .bss.s_rx_armed
                0x22082320        0x1 ./micropython/py_port/mp_uart.o
 .bss.s_rx_one  0x22082321        0x1 ./micropython/py_port/mp_uart.o
 .bss.s_rx_tail
                0x22082322        0x2 ./micropython/py_port/mp_uart.o
 .bss.s_rx_head
                0x22082324        0x2 ./micropython/py_port/mp_uart.o
 *fill*         0x22082326        0x2 
 .bss.s_rx_buf  0x22082328      0x400 ./micropython/py_port/mp_uart.o
 .bss.mp_state_ctx
                0x22082728      0x1e0 ./micropython/py/mpstate.o
                0x22082728                mp_state_ctx
 .bss.__sf      0x22082908      0x138 C:/Renesas/RA/e2studio_v2025-10_fsp_v6.2.0/toolchains/gcc_arm/13.2.rel1/bin/../lib/gcc/arm-none-eabi/13.2.1/thumb/v8-m.main+dp/hard\libg_nano.a(libc_a-findfp.o)
                0x22082908                __sf
 .bss.errno     0x22082a40        0x4 C:/Renesas/RA/e2studio_v2025-10_fsp_v6.2.0/toolchains/gcc_arm/13.2.rel1/bin/../lib/gcc/arm-none-eabi/13.2.1/thumb/v8-m.main+dp/hard\libg_nano.a(libc_a-reent.o)
                0x22082a40                errno
 .bss.__lock___malloc_recursive_mutex
                0x22082a44        0x1 C:/Renesas/RA/e2studio_v2025-10_fsp_v6.2.0/toolchains/gcc_arm/13.2.rel1/bin/../lib/gcc/arm-none-eabi/13.2.1/thumb/v8-m.main+dp/hard\libg_nano.a(libc_a-lock.o)
                0x22082a44                __lock___malloc_recursive_mutex
 *fill*         0x22082a45        0x3 
 .bss.__malloc_sbrk_start
                0x22082a48        0x4 C:/Renesas/RA/e2studio_v2025-10_fsp_v6.2.0/toolchains/gcc_arm/13.2.rel1/bin/../lib/gcc/arm-none-eabi/13.2.1/thumb/v8-m.main+dp/hard\libg_nano.a(libc_a-mallocr.o)
                0x22082a48                __malloc_sbrk_start
 .bss.__malloc_free_list
                0x22082a4c        0x4 C:/Renesas/RA/e2studio_v2025-10_fsp_v6.2.0/toolchains/gcc_arm/13.2.rel1/bin/../lib/gcc/arm-none-eabi/13.2.1/thumb/v8-m.main+dp/hard\libg_nano.a(libc_a-mallocr.o)
                0x22082a4c                __malloc_free_list
                0x22082a50                        __ram_zero$$Limit = .

__ram_thread_stack$$
                0x22082a50        0x0 load address 0x020000e8
                0x22082a50                        __ram_thread_stack$$Base = .
 *(.stack?*)
                0x22082a50                        __ram_thread_stack$$Limit = .

.ram.endof      0x22084000        0x0
                0x22084000                        __ddsc_RAM_END = .

.ram.flat_nsc   0x22084000        0x0
                0x22084000                        __sau_ddsc_RAM_NSC = .

__flash_readonly$$
                0x020000e8    0x30600
                0x020000e8                        __flash_readonly$$Base = .
 *(.flash)
 *(.flash_code)
 *(.text*)
 .text.deregister_tm_clones
                0x020000e8       0x1c C:/Renesas/RA/e2studio_v2025-10_fsp_v6.2.0/toolchains/gcc_arm/13.2.rel1/bin/../lib/gcc/arm-none-eabi/13.2.1/thumb/v8-m.main+dp/hard/crtbegin.o
 .text.register_tm_clones
                0x02000104       0x28 C:/Renesas/RA/e2studio_v2025-10_fsp_v6.2.0/toolchains/gcc_arm/13.2.rel1/bin/../lib/gcc/arm-none-eabi/13.2.1/thumb/v8-m.main+dp/hard/crtbegin.o
 .text.__do_global_dtors_aux
                0x0200012c       0x28 C:/Renesas/RA/e2studio_v2025-10_fsp_v6.2.0/toolchains/gcc_arm/13.2.rel1/bin/../lib/gcc/arm-none-eabi/13.2.1/thumb/v8-m.main+dp/hard/crtbegin.o
 .text.frame_dummy
                0x02000154       0x24 C:/Renesas/RA/e2studio_v2025-10_fsp_v6.2.0/toolchains/gcc_arm/13.2.rel1/bin/../lib/gcc/arm-none-eabi/13.2.1/thumb/v8-m.main+dp/hard/crtbegin.o
 .text.SysTick_Handler
                0x02000178       0x24 ./src/hal_entry.o
                0x02000178                SysTick_Handler
 .text.hal_entry
                0x0200019c       0xdc ./src/hal_entry.o
                0x0200019c                hal_entry
 .text.R_BSP_WarmStart
                0x02000278       0x18 ./src/hal_warmstart.o
                0x02000278                R_BSP_WarmStart
 .text.g_common_init
                0x02000290        0x4 ./ra_gen/common_data.o
                0x02000290                g_common_init
 .text.g_hal_init
                0x02000294        0x4 ./ra_gen/hal_data.o
                0x02000294                g_hal_init
 .text.startup.main
                0x02000298        0xc ./ra_gen/main.o
                0x02000298                main
 .text.R_SPI_B_CallbackSet
                0x020002a4       0x10 ./ra/fsp/src/r_spi_b/r_spi_b.o
                0x020002a4                R_SPI_B_CallbackSet
 .text.R_SPI_B_Close
                0x020002b4       0xcc ./ra/fsp/src/r_spi_b/r_spi_b.o
                0x020002b4                R_SPI_B_Close
 .text.r_spi_b_write_read_common
                0x02000380      0x110 ./ra/fsp/src/r_spi_b/r_spi_b.o
 .text.R_SPI_B_Read
                0x02000490       0x1c ./ra/fsp/src/r_spi_b/r_spi_b.o
                0x02000490                R_SPI_B_Read
 .text.R_SPI_B_Write
                0x020004ac       0x18 ./ra/fsp/src/r_spi_b/r_spi_b.o
                0x020004ac                R_SPI_B_Write
 .text.R_SPI_B_WriteRead
                0x020004c4       0x10 ./ra/fsp/src/r_spi_b/r_spi_b.o
                0x020004c4                R_SPI_B_WriteRead
 .text.r_spi_b_call_callback
                0x020004d4       0x40 ./ra/fsp/src/r_spi_b/r_spi_b.o
 .text.R_SPI_B_Open
                0x02000514      0x328 ./ra/fsp/src/r_spi_b/r_spi_b.o
                0x02000514                R_SPI_B_Open
 .text.spi_b_rxi_isr
                0x0200083c       0x90 ./ra/fsp/src/r_spi_b/r_spi_b.o
                0x0200083c                spi_b_rxi_isr
 .text.spi_b_txi_isr
                0x020008cc       0xdc ./ra/fsp/src/r_spi_b/r_spi_b.o
                0x020008cc                spi_b_txi_isr
 .text.spi_b_tei_isr
                0x020009a8       0xe4 ./ra/fsp/src/r_spi_b/r_spi_b.o
                0x020009a8                spi_b_tei_isr
 .text.spi_b_eri_isr
                0x02000a8c       0xec ./ra/fsp/src/r_spi_b/r_spi_b.o
                0x02000a8c                spi_b_eri_isr
 .text.R_SCI_B_UART_Read
                0x02000b78        0xc ./ra/fsp/src/r_sci_b_uart/r_sci_b_uart.o
                0x02000b78                R_SCI_B_UART_Read
 .text.R_SCI_B_UART_Write
                0x02000b84       0x40 ./ra/fsp/src/r_sci_b_uart/r_sci_b_uart.o
                0x02000b84                R_SCI_B_UART_Write
 .text.R_SCI_B_UART_CallbackSet
                0x02000bc4       0x10 ./ra/fsp/src/r_sci_b_uart/r_sci_b_uart.o
                0x02000bc4                R_SCI_B_UART_CallbackSet
 .text.R_SCI_B_UART_BaudSet
                0x02000bd4       0x2c ./ra/fsp/src/r_sci_b_uart/r_sci_b_uart.o
                0x02000bd4                R_SCI_B_UART_BaudSet
 .text.R_SCI_B_UART_InfoGet
                0x02000c00        0xc ./ra/fsp/src/r_sci_b_uart/r_sci_b_uart.o
                0x02000c00                R_SCI_B_UART_InfoGet
 .text.R_SCI_B_UART_Abort
                0x02000c0c       0x5c ./ra/fsp/src/r_sci_b_uart/r_sci_b_uart.o
                0x02000c0c                R_SCI_B_UART_Abort
 .text.R_SCI_B_UART_ReadStop
                0x02000c68       0x1c ./ra/fsp/src/r_sci_b_uart/r_sci_b_uart.o
                0x02000c68                R_SCI_B_UART_ReadStop
 .text.R_SCI_B_UART_ReceiveSuspend
                0x02000c84        0x4 ./ra/fsp/src/r_sci_b_uart/r_sci_b_uart.o
                0x02000c84                R_SCI_B_UART_ReceiveSuspend
 .text.r_sci_b_irq_cfg
                0x02000c88       0x70 ./ra/fsp/src/r_sci_b_uart/r_sci_b_uart.o
 .text.r_sci_b_uart_call_callback
                0x02000cf8       0x44 ./ra/fsp/src/r_sci_b_uart/r_sci_b_uart.o
 .text.R_SCI_B_UART_Close
                0x02000d3c      0x10c ./ra/fsp/src/r_sci_b_uart/r_sci_b_uart.o
                0x02000d3c                R_SCI_B_UART_Close
 .text.R_SCI_B_UART_ReceiveResume
                0x02000e48        0x4 ./ra/fsp/src/r_sci_b_uart/r_sci_b_uart.o
                0x02000e48                R_SCI_B_UART_ReceiveResume
 .text.R_SCI_B_UART_Open
                0x02000e4c      0x2bc ./ra/fsp/src/r_sci_b_uart/r_sci_b_uart.o
                0x02000e4c                R_SCI_B_UART_Open
 .text.R_SCI_B_UART_BaudCalculate
                0x02001108      0x214 ./ra/fsp/src/r_sci_b_uart/r_sci_b_uart.o
                0x02001108                R_SCI_B_UART_BaudCalculate
 .text.sci_b_uart_txi_isr
                0x0200131c       0xf4 ./ra/fsp/src/r_sci_b_uart/r_sci_b_uart.o
                0x0200131c                sci_b_uart_txi_isr
 .text.sci_b_uart_rxi_isr
                0x02001410       0xb0 ./ra/fsp/src/r_sci_b_uart/r_sci_b_uart.o
                0x02001410                sci_b_uart_rxi_isr
 .text.sci_b_uart_tei_isr
                0x020014c0       0x4c ./ra/fsp/src/r_sci_b_uart/r_sci_b_uart.o
                0x020014c0                sci_b_uart_tei_isr
 .text.sci_b_uart_eri_isr
                0x0200150c       0x84 ./ra/fsp/src/r_sci_b_uart/r_sci_b_uart.o
                0x0200150c                sci_b_uart_eri_isr
 .text.R_IOPORT_PinRead
                0x02001590       0x24 ./ra/fsp/src/r_ioport/r_ioport.o
                0x02001590                R_IOPORT_PinRead
 .text.R_IOPORT_PinWrite
                0x020015b4       0x28 ./ra/fsp/src/r_ioport/r_ioport.o
                0x020015b4                R_IOPORT_PinWrite
 .text.bsp_vbatt_init
                0x020015dc       0xec ./ra/fsp/src/r_ioport/r_ioport.o
 .text.r_ioport_pins_config
                0x020016c8       0xac ./ra/fsp/src/r_ioport/r_ioport.o
 .text.R_IOPORT_Open
                0x02001774       0x14 ./ra/fsp/src/r_ioport/r_ioport.o
                0x02001774                R_IOPORT_Open
 .text.R_IOPORT_PinCfg
                0x02001788       0xa8 ./ra/fsp/src/r_ioport/r_ioport.o
                0x02001788                R_IOPORT_PinCfg
 .text.R_IIC_MASTER_SlaveAddressSet
                0x02001830        0xc ./ra/fsp/src/r_iic_master/r_iic_master.o
                0x02001830                R_IIC_MASTER_SlaveAddressSet
 .text.R_IIC_MASTER_CallbackSet
                0x0200183c       0x10 ./ra/fsp/src/r_iic_master/r_iic_master.o
                0x0200183c                R_IIC_MASTER_CallbackSet
 .text.R_IIC_MASTER_StatusGet
                0x0200184c       0x18 ./ra/fsp/src/r_iic_master/r_iic_master.o
                0x0200184c                R_IIC_MASTER_StatusGet
 .text.iic_master_notify
                0x02001864       0x3c ./ra/fsp/src/r_iic_master/r_iic_master.o
 .text.iic_master_run_hw_master
                0x020018a0      0x120 ./ra/fsp/src/r_iic_master/r_iic_master.o
 .text.R_IIC_MASTER_Write
                0x020019c0       0x30 ./ra/fsp/src/r_iic_master/r_iic_master.o
                0x020019c0                R_IIC_MASTER_Write
 .text.R_IIC_MASTER_Read
                0x020019f0       0x34 ./ra/fsp/src/r_iic_master/r_iic_master.o
                0x020019f0                R_IIC_MASTER_Read
 .text.iic_master_open_hw_master
                0x02001a24      0x238 ./ra/fsp/src/r_iic_master/r_iic_master.o
 .text.R_IIC_MASTER_Open
                0x02001c5c       0x84 ./ra/fsp/src/r_iic_master/r_iic_master.o
                0x02001c5c                R_IIC_MASTER_Open
 .text.R_IIC_MASTER_Abort
                0x02001ce0       0x30 ./ra/fsp/src/r_iic_master/r_iic_master.o
                0x02001ce0                R_IIC_MASTER_Abort
 .text.R_IIC_MASTER_Close
                0x02001d10       0xe4 ./ra/fsp/src/r_iic_master/r_iic_master.o
                0x02001d10                R_IIC_MASTER_Close
 .text.iic_master_rxi_isr
                0x02001df4      0x194 ./ra/fsp/src/r_iic_master/r_iic_master.o
                0x02001df4                iic_master_rxi_isr
 .text.iic_master_txi_isr
                0x02001f88      0x124 ./ra/fsp/src/r_iic_master/r_iic_master.o
                0x02001f88                iic_master_txi_isr
 .text.iic_master_tei_isr
                0x020020ac       0xe4 ./ra/fsp/src/r_iic_master/r_iic_master.o
                0x020020ac                iic_master_tei_isr
 .text.iic_master_eri_isr
                0x02002190      0x14c ./ra/fsp/src/r_iic_master/r_iic_master.o
                0x02002190                iic_master_eri_isr
 .text.R_ICU_ExternalIrqOpen
                0x020022dc       0x84 ./ra/fsp/src/r_icu/r_icu.o
                0x020022dc                R_ICU_ExternalIrqOpen
 .text.R_ICU_ExternalIrqEnable
                0x02002360       0x44 ./ra/fsp/src/r_icu/r_icu.o
                0x02002360                R_ICU_ExternalIrqEnable
 .text.R_ICU_ExternalIrqDisable
                0x020023a4       0x30 ./ra/fsp/src/r_icu/r_icu.o
                0x020023a4                R_ICU_ExternalIrqDisable
 .text.R_ICU_ExternalIrqCallbackSet
                0x020023d4        0xc ./ra/fsp/src/r_icu/r_icu.o
                0x020023d4                R_ICU_ExternalIrqCallbackSet
 .text.R_ICU_ExternalIrqClose
                0x020023e0       0x4c ./ra/fsp/src/r_icu/r_icu.o
                0x020023e0                R_ICU_ExternalIrqClose
 .text.r_icu_isr
                0x0200242c       0x78 ./ra/fsp/src/r_icu/r_icu.o
                0x0200242c                r_icu_isr
 .text.R_ADC_CallbackSet
                0x020024a4       0x10 ./ra/fsp/src/r_adc/r_adc.o
                0x020024a4                R_ADC_CallbackSet
 .text.R_ADC_ScanStart
                0x020024b4        0xc ./ra/fsp/src/r_adc/r_adc.o
                0x020024b4                R_ADC_ScanStart
 .text.R_ADC_ScanGroupStart
                0x020024c0        0x4 ./ra/fsp/src/r_adc/r_adc.o
                0x020024c0                R_ADC_ScanGroupStart
 .text.R_ADC_ScanStop
                0x020024c4        0xc ./ra/fsp/src/r_adc/r_adc.o
                0x020024c4                R_ADC_ScanStop
 .text.R_ADC_StatusGet
                0x020024d0       0x10 ./ra/fsp/src/r_adc/r_adc.o
                0x020024d0                R_ADC_StatusGet
 .text.R_ADC_Read
                0x020024e0       0x10 ./ra/fsp/src/r_adc/r_adc.o
                0x020024e0                R_ADC_Read
 .text.R_ADC_Read32
                0x020024f0       0x24 ./ra/fsp/src/r_adc/r_adc.o
                0x020024f0                R_ADC_Read32
 .text.R_ADC_Calibrate
                0x02002514        0x4 ./ra/fsp/src/r_adc/r_adc.o
                0x02002514                R_ADC_Calibrate
 .text.R_ADC_OffsetSet
                0x02002518        0x4 ./ra/fsp/src/r_adc/r_adc.o
                0x02002518                R_ADC_OffsetSet
 .text.R_ADC_InfoGet
                0x0200251c       0x7c ./ra/fsp/src/r_adc/r_adc.o
                0x0200251c                R_ADC_InfoGet
 .text.R_ADC_ScanCfg
                0x02002598      0x25c ./ra/fsp/src/r_adc/r_adc.o
                0x02002598                R_ADC_ScanCfg
 .text.R_ADC_Open
                0x020027f4      0x284 ./ra/fsp/src/r_adc/r_adc.o
                0x020027f4                R_ADC_Open
 .text.R_ADC_Close
                0x02002a78      0x104 ./ra/fsp/src/r_adc/r_adc.o
                0x02002a78                R_ADC_Close
 .text.SystemCoreClockUpdate
                0x02002b7c       0x8c ./ra/fsp/src/bsp/mcu/all/bsp_clocks.o
                0x02002b7c                SystemCoreClockUpdate
 .text.R_BSP_SubClockStabilizeWaitAfterReset
                0x02002c08        0x4 ./ra/fsp/src/bsp/mcu/all/bsp_clocks.o
                0x02002c08                R_BSP_SubClockStabilizeWaitAfterReset
 .text.R_BSP_OctaclkUpdate
                0x02002c0c      0x114 ./ra/fsp/src/bsp/mcu/all/bsp_clocks.o
                0x02002c0c                R_BSP_OctaclkUpdate
 .text.bsp_clock_init
                0x02002d20      0x208 ./ra/fsp/src/bsp/mcu/all/bsp_clocks.o
                0x02002d20                bsp_clock_init
 .text.R_BSP_SourceClockHzGet
                0x02002f28        0xc ./ra/fsp/src/bsp/mcu/all/bsp_clocks.o
                0x02002f28                R_BSP_SourceClockHzGet
 .text.R_BSP_Init_RTC
                0x02002f34       0xb0 ./ra/fsp/src/bsp/mcu/all/bsp_clocks.o
                0x02002f34                R_BSP_Init_RTC
 .text.__assert_func
                0x02002fe4        0x4 ./ra/fsp/src/bsp/mcu/all/bsp_common.o
                0x02002fe4                __assert_func
 .text.bsp_prv_software_delay_loop
                0x02002fe8        0xc ./ra/fsp/src/bsp/mcu/all/bsp_delay.o
                0x02002fe8                bsp_prv_software_delay_loop
 .text.R_BSP_SoftwareDelay
                0x02002ff4       0x88 ./ra/fsp/src/bsp/mcu/all/bsp_delay.o
                0x02002ff4                R_BSP_SoftwareDelay
 .text.NMI_Handler
                0x0200307c       0x44 ./ra/fsp/src/bsp/mcu/all/bsp_group_irq.o
                0x0200307c                NMI_Handler
 .text.bsp_irq_cfg
                0x020030c0       0x2c ./ra/fsp/src/bsp/mcu/all/bsp_irq.o
                0x020030c0                bsp_irq_cfg
 .text.R_BSP_RegisterProtectEnable
                0x020030ec       0x60 ./ra/fsp/src/bsp/mcu/all/bsp_register_protection.o
                0x020030ec                R_BSP_RegisterProtectEnable
 .text.R_BSP_RegisterProtectDisable
                0x0200314c       0x54 ./ra/fsp/src/bsp/mcu/all/bsp_register_protection.o
                0x0200314c                R_BSP_RegisterProtectDisable
 .text._sbrk    0x020031a0       0x14 ./ra/fsp/src/bsp/mcu/all/bsp_sbrk.o
                0x020031a0                _sbrk
 .text.Default_Handler
                0x020031b4        0x4 ./ra/fsp/src/bsp/cmsis/Device/RENESAS/Source/startup.o
                0x020031b4                DebugMon_Handler
                0x020031b4                HardFault_Handler
                0x020031b4                PendSV_Handler
                0x020031b4                UsageFault_Handler
                0x020031b4                SecureFault_Handler
                0x020031b4                Default_Handler
                0x020031b4                MemManage_Handler
                0x020031b4                SVC_Handler
                0x020031b4                BusFault_Handler
 .text.Reset_Handler
                0x020031b8        0xc ./ra/fsp/src/bsp/cmsis/Device/RENESAS/Source/startup.o
                0x020031b8                Reset_Handler
 .text.SystemRuntimeInit
                0x020031c4       0x64 ./ra/fsp/src/bsp/cmsis/Device/RENESAS/Source/system.o
 .text.SystemInit
                0x02003228      0x1fc ./ra/fsp/src/bsp/cmsis/Device/RENESAS/Source/system.o
                0x02003228                SystemInit
 .text.bsp_init
                0x02003424        0x4 ./ra/board/ra8d1_cpkhmi/board_init.o
                0x02003424                bsp_init
 .text.mp_reader_stdin_readbyte
                0x02003428       0x58 ./micropython/shared/runtime/pyexec.o
 .text.parse_compile_execute
                0x02003480      0x124 ./micropython/shared/runtime/pyexec.o
 .text.mp_reader_stdin_close
                0x020035a4       0x24 ./micropython/shared/runtime/pyexec.o
 .text.pyexec_raw_repl_process_char
                0x020035c8      0x124 ./micropython/shared/runtime/pyexec.o
 .text.pyexec_friendly_repl_process_char
                0x020036ec      0x17c ./micropython/shared/runtime/pyexec.o
 .text.pyexec_event_repl_init
                0x02003868       0x44 ./micropython/shared/runtime/pyexec.o
                0x02003868                pyexec_event_repl_init
 .text.pyexec_event_repl_process_char
                0x020038ac       0x2c ./micropython/shared/runtime/pyexec.o
                0x020038ac                pyexec_event_repl_process_char
 .text.mp_hal_move_cursor_back
                0x020038d8       0x5c ./micropython/shared/readline/readline.o
 .text.readline_note_newline
                0x02003934       0x14 ./micropython/shared/readline/readline.o
                0x02003934                readline_note_newline
 .text.readline_init
                0x02003948       0x2c ./micropython/shared/readline/readline.o
                0x02003948                readline_init
 .text.readline_push_history
                0x02003974       0x48 ./micropython/shared/readline/readline.o
                0x02003974                readline_push_history
 .text.readline_process_char
                0x020039bc      0x380 ./micropython/shared/readline/readline.o
                0x020039bc                readline_process_char
 .text.led_obj_print
                0x02003d3c       0x10 ./micropython/py_port/led.o
 .text.led_obj_make_new
                0x02003d4c       0x34 ./micropython/py_port/led.o
 .text.led_obj_value
                0x02003d80       0x48 ./micropython/py_port/led.o
 .text.led_obj_toggle
                0x02003dc8       0x3c ./micropython/py_port/led.o
 .text.led_obj_on
                0x02003e04       0x20 ./micropython/py_port/led.o
 .text.led_obj_off
                0x02003e24       0x20 ./micropython/py_port/led.o
 .text.adc_unit_open
                0x02003e44       0x40 ./micropython/py_port/machine_adc.o
 .text.adc_obj_read_u16
                0x02003e84      0x120 ./micropython/py_port/machine_adc.o
 .text.adc_obj_print
                0x02003fa4       0x10 ./micropython/py_port/machine_adc.o
 .text.adc_obj_make_new
                0x02003fb4      0x238 ./micropython/py_port/machine_adc.o
 .text.dac_obj_print
                0x020041ec       0x10 ./micropython/py_port/machine_dac.o
 .text.dac_obj_make_new
                0x020041fc      0x234 ./micropython/py_port/machine_dac.o
 .text.dac_obj_write
                0x02004430       0x50 ./micropython/py_port/machine_dac.o
 .text.i2c_master_callback
                0x02004480       0x28 ./micropython/py_port/machine_i2c.o
                0x02004480                i2c_master_callback
 .text.i2c_obj_print
                0x020044a8       0x14 ./micropython/py_port/machine_i2c.o
 .text.i2c_obj_make_new
                0x020044bc       0xc8 ./micropython/py_port/machine_i2c.o
 .text.i2c_obj_deinit
                0x02004584       0x20 ./micropython/py_port/machine_i2c.o
 .text.i2c_obj_scan
                0x020045a4       0xa4 ./micropython/py_port/machine_i2c.o
 .text.i2c_obj_writeto_mem
                0x02004648      0x138 ./micropython/py_port/machine_i2c.o
 .text.i2c_obj_writeto
                0x02004780       0xbc ./micropython/py_port/machine_i2c.o
 .text.i2c_obj_readfrom
                0x0200483c       0xf0 ./micropython/py_port/machine_i2c.o
 .text.i2c_obj_readfrom_mem
                0x0200492c      0x1d8 ./micropython/py_port/machine_i2c.o
 .text.external_irq_callback
                0x02004b04       0x10 ./micropython/py_port/machine_pin.o
                0x02004b04                external_irq_callback
 .text.pin_obj_irq
                0x02004b14      0x130 ./micropython/py_port/machine_pin.o
 .text.pin_obj_value
                0x02004c44       0x64 ./micropython/py_port/machine_pin.o
 .text.pin_obj_print
                0x02004ca8       0x1c ./micropython/py_port/machine_pin.o
 .text.pin_obj_on
                0x02004cc4       0x2c ./micropython/py_port/machine_pin.o
 .text.pin_obj_make_new
                0x02004cf0      0x124 ./micropython/py_port/machine_pin.o
 .text.pin_obj_off
                0x02004e14       0x2c ./micropython/py_port/machine_pin.o
 .text.spi_set_config
                0x02004e40       0xf0 ./micropython/py_port/machine_spi.o
 .text.spi_obj_init
                0x02004f30       0xc0 ./micropython/py_port/machine_spi.o
 .text.spi_obj_print
                0x02004ff0       0x4c ./micropython/py_port/machine_spi.o
 .text.spi_obj_make_new
                0x0200503c       0xbc ./micropython/py_port/machine_spi.o
 .text.spi_callback
                0x020050f8       0x30 ./micropython/py_port/machine_spi.o
                0x020050f8                spi_callback
 .text.spi_obj_deinit
                0x02005128       0x20 ./micropython/py_port/machine_spi.o
 .text.spi_obj_readinto
                0x02005148       0xbc ./micropython/py_port/machine_spi.o
 .text.spi_obj_write_readinto
                0x02005204       0xb8 ./micropython/py_port/machine_spi.o
 .text.spi_obj_read
                0x020052bc       0xf8 ./micropython/py_port/machine_spi.o
 .text.spi_obj_write
                0x020053b4       0xb4 ./micropython/py_port/machine_spi.o
 .text.uart_obj_txdone
                0x02005468       0x18 ./micropython/py_port/machine_uart.o
 .text.uart_help
                0x02005480       0x34 ./micropython/py_port/machine_uart.o
 .text.uart_obj_write
                0x020054b4       0x60 ./micropython/py_port/machine_uart.o
 .text.uart_obj_read
                0x02005514       0xa8 ./micropython/py_port/machine_uart.o
 .text.uart_obj_deinit_func
                0x020055bc       0x48 ./micropython/py_port/machine_uart.o
 .text.uart_obj_init_helper
                0x02005604       0xdc ./micropython/py_port/machine_uart.o
 .text.uart_obj_init
                0x020056e0       0x30 ./micropython/py_port/machine_uart.o
 .text.uart_obj_make_new
                0x02005710       0x78 ./micropython/py_port/machine_uart.o
 .text.uart_obj_print
                0x02005788       0x10 ./micropython/py_port/machine_uart.o
 .text.uart_obj_any
                0x02005798       0x1c ./micropython/py_port/machine_uart.o
 .text.uart1_callback
                0x020057b4       0x60 ./micropython/py_port/machine_uart.o
                0x020057b4                uart1_callback
 .text.uart_obj_readline
                0x02005814       0x6c ./micropython/py_port/machine_uart.o
 .text.uart_obj_readinto
                0x02005880       0xa4 ./micropython/py_port/machine_uart.o
 .text.machine_freq
                0x02005924        0xc ./micropython/py_port/modmachine.o
 .text.machine_unique_id
                0x02005930        0xc ./micropython/py_port/modmachine.o
 .text.mp_hal_time_init
                0x0200593c       0x7c ./micropython/py_port/mp_hal_ra8d1.o
                0x0200593c                mp_hal_time_init
 .text.mp_hal_delay_ms
                0x020059b8       0x20 ./micropython/py_port/mp_hal_ra8d1.o
                0x020059b8                mp_hal_delay_ms
 .text.mp_hal_delay_us
                0x020059d8        0x8 ./micropython/py_port/mp_hal_ra8d1.o
                0x020059d8                mp_hal_delay_us
 .text.mp_hal_ticks_ms
                0x020059e0        0xc ./micropython/py_port/mp_hal_ra8d1.o
                0x020059e0                mp_hal_ticks_ms
 .text.mp_hal_ticks_us
                0x020059ec       0x70 ./micropython/py_port/mp_hal_ra8d1.o
                0x020059ec                mp_hal_ticks_us
 .text.mp_hal_ticks_cpu
                0x02005a5c       0x14 ./micropython/py_port/mp_hal_ra8d1.o
                0x02005a5c                mp_hal_ticks_cpu
 .text.mp_lexer_new_from_file
                0x02005a70        0x8 ./micropython/py_port/mp_stub.o
                0x02005a70                mp_lexer_new_from_file
 .text.gc_collect
                0x02005a78       0x50 ./micropython/py_port/mp_stub.o
                0x02005a78                gc_collect
 .text.nlr_jump_fail
                0x02005ac8       0x10 ./micropython/py_port/mp_stub.o
                0x02005ac8                nlr_jump_fail
 .text.mp_uart_arm_read_1_isr.part.0
                0x02005ad8       0x4c ./micropython/py_port/mp_uart.o
 .text.mp_uart_arm_read_1_poll
                0x02005b24       0x3c ./micropython/py_port/mp_uart.o
 .text.mp_hal_set_interrupt_char
                0x02005b60        0xc ./micropython/py_port/mp_uart.o
                0x02005b60                mp_hal_set_interrupt_char
 .text.uart_callback
                0x02005b6c       0xa8 ./micropython/py_port/mp_uart.o
                0x02005b6c                uart_callback
 .text.mp_uart_init
                0x02005c14       0x3c ./micropython/py_port/mp_uart.o
                0x02005c14                mp_uart_init
 .text.mp_hal_stdout_tx_strn
                0x02005c50       0x80 ./micropython/py_port/mp_uart.o
                0x02005c50                mp_hal_stdout_tx_strn
 .text.mp_hal_stdout_tx_strn_cooked
                0x02005cd0       0x4c ./micropython/py_port/mp_uart.o
                0x02005cd0                mp_hal_stdout_tx_strn_cooked
 .text.mp_hal_stdout_tx_str
                0x02005d1c       0x14 ./micropython/py_port/mp_uart.o
                0x02005d1c                mp_hal_stdout_tx_str
 .text.mp_uart_rx_chr
                0x02005d30       0x40 ./micropython/py_port/mp_uart.o
                0x02005d30                mp_uart_rx_chr
 .text.mp_hal_stdin_rx_chr
                0x02005d70        0x4 ./micropython/py_port/uart_core.o
                0x02005d70                mp_hal_stdin_rx_chr
 .text.mp_arg_error_terse_mismatch
                0x02005d74        0xc ./micropython/py/argcheck.o
                0x02005d74                mp_arg_error_terse_mismatch
 .text.mp_arg_check_num_sig
                0x02005d80       0x24 ./micropython/py/argcheck.o
                0x02005d80                mp_arg_check_num_sig
 .text.mp_arg_parse_all
                0x02005da4       0xcc ./micropython/py/argcheck.o
                0x02005da4                mp_arg_parse_all
 .text.mp_arg_parse_all_kw_array
                0x02005e70       0x2c ./micropython/py/argcheck.o
                0x02005e70                mp_arg_parse_all_kw_array
 .text.mp_encode_uint
                0x02005e9c       0x54 ./micropython/py/bc.o
                0x02005e9c                mp_encode_uint
 .text.mp_decode_uint_value
                0x02005ef0       0x18 ./micropython/py/bc.o
                0x02005ef0                mp_decode_uint_value
 .text.mp_decode_uint_skip
                0x02005f08        0xc ./micropython/py/bc.o
                0x02005f08                mp_decode_uint_skip
 .text.mp_setup_code_state
                0x02005f14      0x450 ./micropython/py/bc.o
                0x02005f14                mp_setup_code_state
 .text.mp_binary_get_size
                0x02006364       0xf0 ./micropython/py/binary.o
                0x02006364                mp_binary_get_size
 .text.mp_binary_get_val_array
                0x02006454       0xf8 ./micropython/py/binary.o
                0x02006454                mp_binary_get_val_array
 .text.mp_binary_set_int
                0x0200654c       0x3c ./micropython/py/binary.o
                0x0200654c                mp_binary_set_int
 .text.mp_binary_set_val_array_from_int
                0x02006588       0xa0 ./micropython/py/binary.o
                0x02006588                mp_binary_set_val_array_from_int
 .text.mp_binary_set_val_array
                0x02006628       0x94 ./micropython/py/binary.o
                0x02006628                mp_binary_set_val_array
 .text.eval_exec_helper
                0x020066bc      0x108 ./micropython/py/builtinevex.o
 .text.mp_builtin_eval
                0x020067c4        0x8 ./micropython/py/builtinevex.o
 .text.mp_builtin_exec
                0x020067cc        0x8 ./micropython/py/builtinevex.o
 .text.mp_builtin_help
                0x020067d4      0x19c ./micropython/py/builtinhelp.o
 .text.mp_builtin___import___default
                0x02006970       0x50 ./micropython/py/builtinimport.o
                0x02006970                mp_builtin___import___default
 .text.compile_trailer_period
                0x020069c0        0xc ./micropython/py/compile.o
 .text.compile_const_object
                0x020069cc        0x8 ./micropython/py/compile.o
 .text.close_over_variables_etc
                0x020069d4       0xc8 ./micropython/py/compile.o
 .text.do_import_name
                0x02006a9c      0x160 ./micropython/py/compile.o
 .text.compile_decrease_except_level.part.0
                0x02006bfc       0x1c ./micropython/py/compile.o
 .text.compile_import_from
                0x02006c18      0x1fc ./micropython/py/compile.o
 .text.compile_star_expr
                0x02006e14       0x34 ./micropython/py/compile.o
 .text.compile_import_name
                0x02006e48       0xb0 ./micropython/py/compile.o
 .text.compile_node
                0x02006ef8       0xac ./micropython/py/compile.o
 .text.c_if_cond
                0x02006fa4       0xf0 ./micropython/py/compile.o
 .text.compile_dictorsetmaker_item
                0x02007094       0x18 ./micropython/py/compile.o
 .text.compile_trailer_bracket
                0x020070ac       0x18 ./micropython/py/compile.o
 .text.compile_while_stmt
                0x020070c4       0x88 ./micropython/py/compile.o
 .text.compile_yield_stmt
                0x0200714c       0x14 ./micropython/py/compile.o
 .text.compile_return_stmt
                0x02007160       0x28 ./micropython/py/compile.o
 .text.compile_generic_tuple
                0x02007188       0x2c ./micropython/py/compile.o
 .text.compile_generic_all_nodes
                0x020071b4       0x44 ./micropython/py/compile.o
 .text.compile_power
                0x020071f8       0x14 ./micropython/py/compile.o
 .text.compile_if_stmt
                0x0200720c      0x108 ./micropython/py/compile.o
 .text.compile_comprehension
                0x02007314       0xb0 ./micropython/py/compile.o
 .text.compile_atom_bracket
                0x020073c4       0x78 ./micropython/py/compile.o
 .text.compile_term
                0x0200743c       0x3c ./micropython/py/compile.o
 .text.compile_binary_op
                0x02007478       0x40 ./micropython/py/compile.o
 .text.compile_factor_2
                0x020074b8       0x50 ./micropython/py/compile.o
 .text.compile_not_test_2
                0x02007508       0x18 ./micropython/py/compile.o
 .text.compile_or_and_test
                0x02007520       0x50 ./micropython/py/compile.o
 .text.compile_comparison
                0x02007570      0x11c ./micropython/py/compile.o
 .text.compile_test_if_expr
                0x0200768c       0x7c ./micropython/py/compile.o
 .text.compile_assert_stmt
                0x02007708       0x5c ./micropython/py/compile.o
 .text.compile_raise_stmt
                0x02007764       0x4c ./micropython/py/compile.o
 .text.compile_atom_paren
                0x020077b0       0x80 ./micropython/py/compile.o
 .text.compile_break_cont_stmt
                0x02007830       0x70 ./micropython/py/compile.o
 .text.compile_yield_expr
                0x020078a0       0x9c ./micropython/py/compile.o
 .text.c_del_stmt
                0x0200793c      0x18c ./micropython/py/compile.o
 .text.compile_del_stmt
                0x02007ac8       0x3c ./micropython/py/compile.o
 .text.compile_global_nonlocal_stmt
                0x02007b04      0x110 ./micropython/py/compile.o
 .text.compile_try_except
                0x02007c14      0x320 ./micropython/py/compile.o
 .text.compile_try_finally
                0x02007f34       0xc4 ./micropython/py/compile.o
 .text.compile_try_stmt
                0x02007ff8       0xa4 ./micropython/py/compile.o
 .text.c_assign_tuple
                0x0200809c       0xc0 ./micropython/py/compile.o
 .text.c_assign
                0x0200815c      0x284 ./micropython/py/compile.o
 .text.compile_scope_comp_iter
                0x020083e0       0xcc ./micropython/py/compile.o
 .text.compile_expr_stmt
                0x020084ac      0x184 ./micropython/py/compile.o
 .text.compile_for_stmt
                0x02008630      0x2c0 ./micropython/py/compile.o
 .text.compile_with_stmt_helper
                0x020088f0       0xc0 ./micropython/py/compile.o
 .text.compile_with_stmt
                0x020089b0       0x40 ./micropython/py/compile.o
 .text.compile_funcdef_lambdef_param
                0x020089f0      0x100 ./micropython/py/compile.o
 .text.compile_funcdef_lambdef
                0x02008af0       0x90 ./micropython/py/compile.o
 .text.compile_funcdef
                0x02008b80       0x6c ./micropython/py/compile.o
 .text.compile_lambdef
                0x02008bec       0xc4 ./micropython/py/compile.o
 .text.compile_atom_brace
                0x02008cb0      0x124 ./micropython/py/compile.o
 .text.compile_scope_func_lambda_param
                0x02008dd4      0x160 ./micropython/py/compile.o
 .text.compile_scope
                0x02008f34      0x480 ./micropython/py/compile.o
 .text.compile_trailer_paren_helper
                0x020093b4      0x1a8 ./micropython/py/compile.o
 .text.compile_classdef_helper
                0x0200955c       0x68 ./micropython/py/compile.o
 .text.compile_classdef
                0x020095c4       0x34 ./micropython/py/compile.o
 .text.compile_decorated
                0x020095f8      0x1f0 ./micropython/py/compile.o
 .text.compile_trailer_paren
                0x020097e8        0xc ./micropython/py/compile.o
 .text.compile_atom_expr_normal
                0x020097f4      0x1b4 ./micropython/py/compile.o
 .text.mp_compile
                0x020099a8      0x3a0 ./micropython/py/compile.o
                0x020099a8                mp_compile
 .text.emit_get_cur_to_write_code_info
                0x02009d48       0x3c ./micropython/py/emitbc.o
 .text.emit_get_cur_to_write_bytecode
                0x02009d84       0x44 ./micropython/py/emitbc.o
 .text.emit_write_bytecode_byte
                0x02009dc8       0x84 ./micropython/py/emitbc.o
 .text.emit_write_bytecode_byte_child
                0x02009e4c       0x34 ./micropython/py/emitbc.o
 .text.mp_emit_bc_load_local
                0x02009e80       0x38 ./micropython/py/emitbc.o
                0x02009e80                mp_emit_bc_load_local
 .text.mp_emit_bc_store_local
                0x02009eb8       0x3c ./micropython/py/emitbc.o
                0x02009eb8                mp_emit_bc_store_local
 .text.mp_emit_bc_delete_local
                0x02009ef4       0xb0 ./micropython/py/emitbc.o
                0x02009ef4                mp_emit_bc_delete_local
 .text.mp_emit_bc_store_global
                0x02009fa4       0xb4 ./micropython/py/emitbc.o
                0x02009fa4                mp_emit_bc_store_global
 .text.mp_emit_bc_delete_global
                0x0200a058       0xb0 ./micropython/py/emitbc.o
                0x0200a058                mp_emit_bc_delete_global
 .text.mp_emit_bc_load_global
                0x0200a108       0xb4 ./micropython/py/emitbc.o
                0x0200a108                mp_emit_bc_load_global
 .text.emit_write_bytecode_byte_label.part.0
                0x0200a1bc      0x138 ./micropython/py/emitbc.o
 .text.emit_bc_new
                0x0200a2f4       0x10 ./micropython/py/emitbc.o
                0x0200a2f4                emit_bc_new
 .text.emit_bc_set_max_num_labels
                0x0200a304       0x10 ./micropython/py/emitbc.o
                0x0200a304                emit_bc_set_max_num_labels
 .text.emit_bc_free
                0x0200a314       0x14 ./micropython/py/emitbc.o
                0x0200a314                emit_bc_free
 .text.mp_emit_bc_start_pass
                0x0200a328      0x1f4 ./micropython/py/emitbc.o
                0x0200a328                mp_emit_bc_start_pass
 .text.mp_emit_bc_end_pass
                0x0200a51c      0x140 ./micropython/py/emitbc.o
                0x0200a51c                mp_emit_bc_end_pass
 .text.mp_emit_bc_adjust_stack_size
                0x0200a65c       0x38 ./micropython/py/emitbc.o
                0x0200a65c                mp_emit_bc_adjust_stack_size
 .text.mp_emit_bc_set_source_line
                0x0200a694        0x4 ./micropython/py/emitbc.o
                0x0200a694                mp_emit_bc_set_source_line
 .text.mp_emit_bc_label_assign
                0x0200a698       0x58 ./micropython/py/emitbc.o
                0x0200a698                mp_emit_bc_label_assign
 .text.mp_emit_bc_import
                0x0200a6f0       0x40 ./micropython/py/emitbc.o
                0x0200a6f0                mp_emit_bc_import
 .text.mp_emit_bc_load_const_tok
                0x0200a730       0x40 ./micropython/py/emitbc.o
                0x0200a730                mp_emit_bc_load_const_tok
 .text.mp_emit_bc_load_const_small_int
                0x0200a770       0xc8 ./micropython/py/emitbc.o
                0x0200a770                mp_emit_bc_load_const_small_int
 .text.mp_emit_bc_load_const_str
                0x0200a838       0xb0 ./micropython/py/emitbc.o
                0x0200a838                mp_emit_bc_load_const_str
 .text.mp_emit_bc_load_const_obj
                0x0200a8e8       0x28 ./micropython/py/emitbc.o
                0x0200a8e8                mp_emit_bc_load_const_obj
 .text.mp_emit_bc_load_null
                0x0200a910       0x98 ./micropython/py/emitbc.o
                0x0200a910                mp_emit_bc_load_null
 .text.mp_emit_bc_load_method
                0x0200a9a8       0x28 ./micropython/py/emitbc.o
                0x0200a9a8                mp_emit_bc_load_method
 .text.mp_emit_bc_load_build_class
                0x0200a9d0       0x98 ./micropython/py/emitbc.o
                0x0200a9d0                mp_emit_bc_load_build_class
 .text.mp_emit_bc_subscr
                0x0200aa68       0x38 ./micropython/py/emitbc.o
                0x0200aa68                mp_emit_bc_subscr
 .text.mp_emit_bc_attr
                0x0200aaa0       0x44 ./micropython/py/emitbc.o
                0x0200aaa0                mp_emit_bc_attr
 .text.mp_emit_bc_dup_top
                0x0200aae4       0x98 ./micropython/py/emitbc.o
                0x0200aae4                mp_emit_bc_dup_top
 .text.mp_emit_bc_dup_top_two
                0x0200ab7c       0x98 ./micropython/py/emitbc.o
                0x0200ab7c                mp_emit_bc_dup_top_two
 .text.mp_emit_bc_pop_top
                0x0200ac14       0x98 ./micropython/py/emitbc.o
                0x0200ac14                mp_emit_bc_pop_top
 .text.mp_emit_bc_rot_two
                0x0200acac       0x98 ./micropython/py/emitbc.o
                0x0200acac                mp_emit_bc_rot_two
 .text.mp_emit_bc_rot_three
                0x0200ad44       0x98 ./micropython/py/emitbc.o
                0x0200ad44                mp_emit_bc_rot_three
 .text.mp_emit_bc_jump
                0x0200addc       0x48 ./micropython/py/emitbc.o
                0x0200addc                mp_emit_bc_jump
 .text.mp_emit_bc_pop_jump_if
                0x0200ae24       0x70 ./micropython/py/emitbc.o
                0x0200ae24                mp_emit_bc_pop_jump_if
 .text.mp_emit_bc_jump_if_or_pop
                0x0200ae94       0x70 ./micropython/py/emitbc.o
                0x0200ae94                mp_emit_bc_jump_if_or_pop
 .text.mp_emit_bc_unwind_jump
                0x0200af04       0xb4 ./micropython/py/emitbc.o
                0x0200af04                mp_emit_bc_unwind_jump
 .text.mp_emit_bc_setup_block
                0x0200afb8       0x58 ./micropython/py/emitbc.o
                0x0200afb8                mp_emit_bc_setup_block
 .text.mp_emit_bc_with_cleanup
                0x0200b010       0x54 ./micropython/py/emitbc.o
                0x0200b010                mp_emit_bc_with_cleanup
 .text.mp_emit_bc_end_finally
                0x0200b064       0x98 ./micropython/py/emitbc.o
                0x0200b064                mp_emit_bc_end_finally
 .text.mp_emit_bc_get_iter
                0x0200b0fc       0x90 ./micropython/py/emitbc.o
                0x0200b0fc                mp_emit_bc_get_iter
 .text.mp_emit_bc_for_iter
                0x0200b18c       0x48 ./micropython/py/emitbc.o
                0x0200b18c                mp_emit_bc_for_iter
 .text.mp_emit_bc_for_iter_end
                0x0200b1d4       0x38 ./micropython/py/emitbc.o
                0x0200b1d4                mp_emit_bc_for_iter_end
 .text.mp_emit_bc_pop_except_jump
                0x0200b20c       0x48 ./micropython/py/emitbc.o
                0x0200b20c                mp_emit_bc_pop_except_jump
 .text.mp_emit_bc_unary_op
                0x0200b254       0x88 ./micropython/py/emitbc.o
                0x0200b254                mp_emit_bc_unary_op
 .text.mp_emit_bc_binary_op
                0x0200b2dc       0x44 ./micropython/py/emitbc.o
                0x0200b2dc                mp_emit_bc_binary_op
 .text.mp_emit_bc_build
                0x0200b320       0x2c ./micropython/py/emitbc.o
                0x0200b320                mp_emit_bc_build
 .text.mp_emit_bc_store_map
                0x0200b34c       0x98 ./micropython/py/emitbc.o
                0x0200b34c                mp_emit_bc_store_map
 .text.mp_emit_bc_store_comp
                0x0200b3e4       0x2c ./micropython/py/emitbc.o
                0x0200b3e4                mp_emit_bc_store_comp
 .text.mp_emit_bc_unpack_sequence
                0x0200b410       0x98 ./micropython/py/emitbc.o
                0x0200b410                mp_emit_bc_unpack_sequence
 .text.mp_emit_bc_unpack_ex
                0x0200b4a8       0x28 ./micropython/py/emitbc.o
                0x0200b4a8                mp_emit_bc_unpack_ex
 .text.mp_emit_bc_make_function
                0x0200b4d0       0x1c ./micropython/py/emitbc.o
                0x0200b4d0                mp_emit_bc_make_function
 .text.mp_emit_bc_make_closure
                0x0200b4ec       0x98 ./micropython/py/emitbc.o
                0x0200b4ec                mp_emit_bc_make_closure
 .text.mp_emit_bc_call_function
                0x0200b584       0x34 ./micropython/py/emitbc.o
                0x0200b584                mp_emit_bc_call_function
 .text.mp_emit_bc_call_method
                0x0200b5b8       0x38 ./micropython/py/emitbc.o
                0x0200b5b8                mp_emit_bc_call_method
 .text.mp_emit_bc_return_value
                0x0200b5f0       0xa8 ./micropython/py/emitbc.o
                0x0200b5f0                mp_emit_bc_return_value
 .text.mp_emit_bc_raise_varargs
                0x0200b698       0x34 ./micropython/py/emitbc.o
                0x0200b698                mp_emit_bc_raise_varargs
 .text.mp_emit_bc_yield
                0x0200b6cc       0x94 ./micropython/py/emitbc.o
                0x0200b6cc                mp_emit_bc_yield
 .text.mp_emit_bc_start_except_handler
                0x0200b760       0x38 ./micropython/py/emitbc.o
                0x0200b760                mp_emit_bc_start_except_handler
 .text.mp_emit_bc_end_except_handler
                0x0200b798       0x38 ./micropython/py/emitbc.o
                0x0200b798                mp_emit_bc_end_except_handler
 .text.strictly_equal
                0x0200b7d0       0x64 ./micropython/py/emitcommon.o
 .text.mp_emit_common_use_const_obj
                0x0200b834       0x3c ./micropython/py/emitcommon.o
                0x0200b834                mp_emit_common_use_const_obj
 .text.mp_emit_common_get_id_for_modification
                0x0200b870       0x20 ./micropython/py/emitcommon.o
                0x0200b870                mp_emit_common_get_id_for_modification
 .text.mp_emit_common_id_op
                0x0200b890       0x80 ./micropython/py/emitcommon.o
                0x0200b890                mp_emit_common_id_op
 .text.mp_emit_glue_new_raw_code
                0x0200b910       0x10 ./micropython/py/emitglue.o
                0x0200b910                mp_emit_glue_new_raw_code
 .text.mp_emit_glue_assign_bytecode
                0x0200b920       0x14 ./micropython/py/emitglue.o
                0x0200b920                mp_emit_glue_assign_bytecode
 .text.mp_make_function_from_proto_fun
                0x0200b934      0x15c ./micropython/py/emitglue.o
                0x0200b934                mp_make_function_from_proto_fun
 .text.mp_make_closure_from_proto_fun
                0x0200ba90       0x24 ./micropython/py/emitglue.o
                0x0200ba90                mp_make_closure_from_proto_fun
 .text.mp_format_mantissa
                0x0200bab4      0x404 ./micropython/py/formatfloat.o
 .text.mp_format_float
                0x0200beb8      0x6e8 ./micropython/py/formatfloat.o
                0x0200beb8                mp_format_float
 .text.gc_mark_subtree
                0x0200c5a0       0xdc ./micropython/py/gc.o
 .text.gc_deal_with_stack_overflow
                0x0200c67c       0x5c ./micropython/py/gc.o
 .text.gc_sweep_free_blocks
                0x0200c6d8       0xac ./micropython/py/gc.o
 .text.gc_init  0x0200c784       0x48 ./micropython/py/gc.o
                0x0200c784                gc_init
 .text.gc_is_locked
                0x0200c7cc       0x10 ./micropython/py/gc.o
                0x0200c7cc                gc_is_locked
 .text.gc_collect_start
                0x0200c7dc       0x68 ./micropython/py/gc.o
                0x0200c7dc                gc_collect_start
 .text.gc_collect_root
                0x0200c844       0x6c ./micropython/py/gc.o
                0x0200c844                gc_collect_root
 .text.gc_collect_end
                0x0200c8b0       0x18 ./micropython/py/gc.o
                0x0200c8b0                gc_collect_end
 .text.gc_info  0x0200c8c8      0x100 ./micropython/py/gc.o
                0x0200c8c8                gc_info
 .text.gc_alloc
                0x0200c9c8      0x154 ./micropython/py/gc.o
                0x0200c9c8                gc_alloc
 .text.gc_free  0x0200cb1c       0xc0 ./micropython/py/gc.o
                0x0200cb1c                gc_free
 .text.gc_realloc
                0x0200cbdc      0x244 ./micropython/py/gc.o
                0x0200cbdc                gc_realloc
 .text.is_string_or_bytes
                0x0200ce20       0x64 ./micropython/py/lexer.o
 .text.next_char
                0x0200ce84       0x64 ./micropython/py/lexer.o
 .text.skip_whitespace
                0x0200cee8       0x5c ./micropython/py/lexer.o
 .text.mp_lexer_to_next
                0x0200cf44      0x7f0 ./micropython/py/lexer.o
                0x0200cf44                mp_lexer_to_next
 .text.mp_lexer_new
                0x0200d734       0x90 ./micropython/py/lexer.o
                0x0200d734                mp_lexer_new
 .text.mp_lexer_new_from_str_len
                0x0200d7c4       0x1c ./micropython/py/lexer.o
                0x0200d7c4                mp_lexer_new_from_str_len
 .text.mp_lexer_free
                0x0200d7e0       0x28 ./micropython/py/lexer.o
                0x0200d7e0                mp_lexer_free
 .text.m_malloc
                0x0200d808       0x18 ./micropython/py/malloc.o
                0x0200d808                m_malloc
 .text.m_malloc_maybe
                0x0200d820        0x8 ./micropython/py/malloc.o
                0x0200d820                m_malloc_maybe
 .text.m_malloc0
                0x0200d828       0x18 ./micropython/py/malloc.o
                0x0200d828                m_malloc0
 .text.m_realloc
                0x0200d840       0x18 ./micropython/py/malloc.o
                0x0200d840                m_realloc
 .text.m_realloc_maybe
                0x0200d858        0x4 ./micropython/py/malloc.o
                0x0200d858                m_realloc_maybe
 .text.m_free   0x0200d85c        0x4 ./micropython/py/malloc.o
                0x0200d85c                m_free
 .text.mp_map_init
                0x0200d860       0x24 ./micropython/py/map.o
                0x0200d860                mp_map_init
 .text.mp_map_init_fixed_table
                0x0200d884       0x10 ./micropython/py/map.o
                0x0200d884                mp_map_init_fixed_table
 .text.mp_map_clear
                0x0200d894       0x28 ./micropython/py/map.o
                0x0200d894                mp_map_clear
 .text.mp_map_lookup
                0x0200d8bc      0x210 ./micropython/py/map.o
                0x0200d8bc                mp_map_lookup
 .text.mp_map_rehash
                0x0200dacc       0x78 ./micropython/py/map.o
 .text.mp_builtin_globals
                0x0200db44        0xc ./micropython/py/modbuiltins.o
 .text.mp_builtin_locals
                0x0200db50        0xc ./micropython/py/modbuiltins.o
 .text.mp_builtin___build_class__
                0x0200db5c       0x8c ./micropython/py/modbuiltins.o
 .text.mp_builtin_abs
                0x0200dbe8        0x8 ./micropython/py/modbuiltins.o
 .text.mp_builtin_hash
                0x0200dbf0        0x8 ./micropython/py/modbuiltins.o
 .text.mp_builtin_iter
                0x0200dbf8        0x8 ./micropython/py/modbuiltins.o
 .text.mp_builtin_all
                0x0200dc00       0x2c ./micropython/py/modbuiltins.o
 .text.mp_builtin_any
                0x0200dc2c       0x2c ./micropython/py/modbuiltins.o
 .text.mp_builtin_bin
                0x0200dc58       0x1c ./micropython/py/modbuiltins.o
 .text.mp_builtin_hex
                0x0200dc74       0x1c ./micropython/py/modbuiltins.o
 .text.mp_builtin_oct
                0x0200dc90       0x1c ./micropython/py/modbuiltins.o
 .text.mp_builtin_callable
                0x0200dcac       0x10 ./micropython/py/modbuiltins.o
 .text.mp_builtin_chr
                0x0200dcbc       0x2c ./micropython/py/modbuiltins.o
 .text.mp_builtin_dir
                0x0200dce8       0x7c ./micropython/py/modbuiltins.o
 .text.mp_builtin_divmod
                0x0200dd64        0xc ./micropython/py/modbuiltins.o
 .text.mp_builtin_sum
                0x0200dd70       0x34 ./micropython/py/modbuiltins.o
 .text.mp_builtin_ord
                0x0200dda4       0x28 ./micropython/py/modbuiltins.o
 .text.mp_builtin_pow
                0x0200ddcc       0x1c ./micropython/py/modbuiltins.o
 .text.mp_builtin_print
                0x0200dde8       0x84 ./micropython/py/modbuiltins.o
 .text.mp_builtin_repr
                0x0200de6c       0x24 ./micropython/py/modbuiltins.o
 .text.mp_builtin_round
                0x0200de90       0x7c ./micropython/py/modbuiltins.o
 .text.mp_builtin_sorted
                0x0200df0c       0x38 ./micropython/py/modbuiltins.o
 .text.mp_builtin_hasattr
                0x0200df44       0x28 ./micropython/py/modbuiltins.o
 .text.mp_builtin_getattr
                0x0200df6c       0x50 ./micropython/py/modbuiltins.o
 .text.mp_builtin_setattr
                0x0200dfbc       0x1c ./micropython/py/modbuiltins.o
 .text.mp_builtin_next
                0x0200dfd8       0x18 ./micropython/py/modbuiltins.o
 .text.mp_builtin___repl_print__
                0x0200dff0       0x28 ./micropython/py/modbuiltins.o
 .text.gc_disable
                0x0200e018       0x10 ./micropython/py/modgc.o
 .text.gc_enable
                0x0200e028       0x10 ./micropython/py/modgc.o
 .text.gc_isenabled
                0x0200e038       0x14 ./micropython/py/modgc.o
 .text.py_gc_collect
                0x0200e04c        0xc ./micropython/py/modgc.o
 .text.gc_mem_free
                0x0200e058       0x18 ./micropython/py/modgc.o
 .text.gc_mem_alloc
                0x0200e070       0x18 ./micropython/py/modgc.o
 .text.mp_sys_exit
                0x0200e088       0x18 ./micropython/py/modsys.o
 .text.mp_sys_print_exception
                0x0200e0a0       0x14 ./micropython/py/modsys.o
 .text.plat_print_strn
                0x0200e0b4        0x8 ./micropython/py/mpprint.o
 .text.mp_print_str
                0x0200e0bc       0x20 ./micropython/py/mpprint.o
                0x0200e0bc                mp_print_str
 .text.mp_print_strn
                0x0200e0dc      0x114 ./micropython/py/mpprint.o
                0x0200e0dc                mp_print_strn
 .text.mp_print_mp_int
                0x0200e1f0      0x2b8 ./micropython/py/mpprint.o
                0x0200e1f0                mp_print_mp_int
 .text.mp_print_float
                0x0200e4a8       0xe0 ./micropython/py/mpprint.o
                0x0200e4a8                mp_print_float
 .text.mp_vprintf
                0x0200e588      0x3cc ./micropython/py/mpprint.o
                0x0200e588                mp_vprintf
 .text.mp_printf
                0x0200e954       0x1c ./micropython/py/mpprint.o
                0x0200e954                mp_printf
 .text.nlr_push_tail
                0x0200e970       0x14 ./micropython/py/nlr.o
                0x0200e970                nlr_push_tail
 .text.nlr_pop  0x0200e984       0x10 ./micropython/py/nlr.o
                0x0200e984                nlr_pop
 .text.nlr_push_jump_callback
                0x0200e994       0x10 ./micropython/py/nlr.o
                0x0200e994                nlr_push_jump_callback
 .text.nlr_pop_jump_callback
                0x0200e9a4       0x18 ./micropython/py/nlr.o
                0x0200e9a4                nlr_pop_jump_callback
 .text.nlr_call_jump_callbacks
                0x0200e9bc       0x24 ./micropython/py/nlr.o
                0x0200e9bc                nlr_call_jump_callbacks
 .text.nlr_push
                0x0200e9e0       0x30 ./micropython/py/nlrthumb.o
                0x0200e9e0                nlr_push
 .text.nlr_jump
                0x0200ea10       0x50 ./micropython/py/nlrthumb.o
                0x0200ea10                nlr_jump
 .text.mp_obj_malloc_helper
                0x0200ea60        0xc ./micropython/py/obj.o
                0x0200ea60                mp_obj_malloc_helper
 .text.mp_obj_get_type
                0x0200ea6c       0x18 ./micropython/py/obj.o
                0x0200ea6c                mp_obj_get_type
 .text.mp_obj_get_type_str
                0x0200ea84       0x1c ./micropython/py/obj.o
                0x0200ea84                mp_obj_get_type_str
 .text.mp_obj_print_helper
                0x0200eaa0       0x40 ./micropython/py/obj.o
                0x0200eaa0                mp_obj_print_helper
 .text.mp_obj_print
                0x0200eae0       0x48 ./micropython/py/obj.o
                0x0200eae0                mp_obj_print
 .text.mp_obj_print_exception
                0x0200eb28       0xc8 ./micropython/py/obj.o
                0x0200eb28                mp_obj_print_exception
 .text.mp_obj_is_callable
                0x0200ebf0       0x38 ./micropython/py/obj.o
                0x0200ebf0                mp_obj_is_callable
 .text.mp_obj_get_int
                0x0200ec28       0x44 ./micropython/py/obj.o
                0x0200ec28                mp_obj_get_int
 .text.mp_obj_get_int_truncated
                0x0200ec6c       0x54 ./micropython/py/obj.o
                0x0200ec6c                mp_obj_get_int_truncated
 .text.mp_obj_get_int_maybe
                0x0200ecc0       0x50 ./micropython/py/obj.o
                0x0200ecc0                mp_obj_get_int_maybe
 .text.mp_obj_get_float_maybe
                0x0200ed10       0xfc ./micropython/py/obj.o
                0x0200ed10                mp_obj_get_float_maybe
 .text.mp_obj_get_float
                0x0200ee0c       0x20 ./micropython/py/obj.o
                0x0200ee0c                mp_obj_get_float
 .text.mp_obj_get_complex_maybe
                0x0200ee2c       0xd8 ./micropython/py/obj.o
                0x0200ee2c                mp_obj_get_complex_maybe
 .text.mp_obj_get_complex
                0x0200ef04       0x14 ./micropython/py/obj.o
                0x0200ef04                mp_obj_get_complex
 .text.mp_obj_get_array
                0x0200ef18      0x124 ./micropython/py/obj.o
                0x0200ef18                mp_obj_get_array
 .text.mp_get_index
                0x0200f03c       0x64 ./micropython/py/obj.o
                0x0200f03c                mp_get_index
 .text.mp_obj_id
                0x0200f0a0       0x18 ./micropython/py/obj.o
                0x0200f0a0                mp_obj_id
 .text.mp_obj_len_maybe
                0x0200f0b8       0xd4 ./micropython/py/obj.o
                0x0200f0b8                mp_obj_len_maybe
 .text.mp_obj_is_true
                0x0200f18c       0x6c ./micropython/py/obj.o
                0x0200f18c                mp_obj_is_true
 .text.mp_obj_equal_not_equal